<html>
<body>
<pre>
<h1>µVision Build Log</h1>
<h2>Project:</h2>
C:\Users\max\Documents\GitHub\Electrophysiology\Electrophy_Base_System\Base_System\Projects\MDK-ARM\Base_System.uvproj
Project File Date:  03/31/2015

<h2>Output:</h2>
Build target 'Base_System Configuration'
compiling main.c...
linking...
Program Size: Code=15628 RO-data=620 RW-data=384 ZI-data=87784  
FromELF: creating hex file...
".\Base_System Configuration\Base_System Configuration.axf" - 0 Error(s), 0 Warning(s).
Load "C:\\Users\\max\\Documents\\GitHub\\Electrophysiology\\Electrophy_Base_System\\Base_System\\Projects\\MDK-ARM\\Base_System Configuration\\Base_System Configuration.axf" 
Erase Done.
Programming Done.
Verify OK.
oad "C:\\Users\\max\\Documents\\GitHub\\Electrophysiology\\Electrophy_Base_System\\Base_System\\Projects\\MDK-ARM\\Base_System Configuration\\Base_System Configuration.axf" 
Erase Done.
Programming Done.
Verify OK.
\Electrophy_Base_System\Base_System\Projects\MDK-ARM\Base_System Configuration\Base_System Configuration.axf'
ion\Base_System Configuration.axf" - 1 Error(s), 3 Warning(s).
Target not created
..\Src\main.c: 2 warnings, 0 errors
compiling NRF.c...
compiling DAC.c...
..\..\Src\DAC.c(26): warning:  #550-D: variable "CNA_Test" was set but never used
  static uint8_t CNA_Test[100][8];
..\..\Src\DAC.c: 1 warning, 0 errors
compiling ElectrophyData.c...
compiling stm32f4xx_hal_dma.c...
compiling stm32f4xx_hal_dma_ex.c...
compiling stm32f4xx_hal_gpio.c...
compiling stm32f4xx_hal_rcc_ex.c...
compiling stm32f4xx_hal_flash.c...
compiling stm32f4xx_hal_pwr.c...
compiling stm32f4xx_hal_flash_ex.c...
compiling stm32f4xx_hal_flash_ramfunc.c...
compiling stm32f4xx_hal.c...
compiling stm32f4xx_hal_pcd.c...
compiling stm32f4xx_hal_rcc.c...
compiling stm32f4xx_hal_pwr_ex.c...
compiling stm32f4xx_ll_usb.c...
compiling stm32f4xx_hal_cortex.c...
compiling stm32f4xx_hal_pcd_ex.c...
compiling stm32f4xx_hal_spi.c...
compiling stm32f4xx_hal_tim.c...
compiling stm32f4xx_hal_tim_ex.c...
compiling system_stm32f4xx.c...
linking...
.\Base_System Configuration\Base_System Configuration.axf: Error: L6218E: Undefined symbol MX_GPIO_Init (referred from main.o).
Not enough information to list image symbols.
Finished: 1 information, 0 warning and 1 error messages.
".\Base_System Configuration\Base_System Configuration.axf" - 1 Error(s), 4 Warning(s).
Target not created
