Product: MDK-ARM Lite 5.10
Component: ARM Compiler 5.04 update 1 (build 49)
Tool: armlink [5040049]

==============================================================================

Section Cross References

    startup_stm32f407xx.o(RESET) refers to startup_stm32f407xx.o(STACK) for __initial_sp
    startup_stm32f407xx.o(RESET) refers to startup_stm32f407xx.o(.text) for Reset_Handler
    startup_stm32f407xx.o(RESET) refers to stm32f4xx_it.o(i.SysTick_Handler) for SysTick_Handler
    startup_stm32f407xx.o(RESET) refers to nrf.o(i.EXTI2_IRQHandler) for EXTI2_IRQHandler
    startup_stm32f407xx.o(RESET) refers to nrf.o(i.DMA1_Stream3_IRQHandler) for DMA1_Stream3_IRQHandler
    startup_stm32f407xx.o(RESET) refers to dac.o(i.TIM2_IRQHandler) for TIM2_IRQHandler
    startup_stm32f407xx.o(RESET) refers to nrf.o(i.EXTI15_10_IRQHandler) for EXTI15_10_IRQHandler
    startup_stm32f407xx.o(RESET) refers to stm32f4xx_it.o(i.OTG_FS_WKUP_IRQHandler) for OTG_FS_WKUP_IRQHandler
    startup_stm32f407xx.o(RESET) refers to dac.o(i.SPI3_IRQHandler) for SPI3_IRQHandler
    startup_stm32f407xx.o(RESET) refers to nrf.o(i.DMA2_Stream2_IRQHandler) for DMA2_Stream2_IRQHandler
    startup_stm32f407xx.o(RESET) refers to stm32f4xx_it.o(i.OTG_FS_IRQHandler) for OTG_FS_IRQHandler
    startup_stm32f407xx.o(.text) refers to system_stm32f4xx.o(i.SystemInit) for SystemInit
    startup_stm32f407xx.o(.text) refers to entry.o(.ARM.Collect$$$$00000000) for __main
    usbd_ioreq.o(i.USBD_CtlContinueRx) refers to usbd_conf.o(i.USBD_LL_PrepareReceive) for USBD_LL_PrepareReceive
    usbd_ioreq.o(i.USBD_CtlContinueSendData) refers to usbd_conf.o(i.USBD_LL_Transmit) for USBD_LL_Transmit
    usbd_ioreq.o(i.USBD_CtlPrepareRx) refers to usbd_conf.o(i.USBD_LL_PrepareReceive) for USBD_LL_PrepareReceive
    usbd_ioreq.o(i.USBD_CtlReceiveStatus) refers to usbd_conf.o(i.USBD_LL_PrepareReceive) for USBD_LL_PrepareReceive
    usbd_ioreq.o(i.USBD_CtlSendData) refers to usbd_conf.o(i.USBD_LL_Transmit) for USBD_LL_Transmit
    usbd_ioreq.o(i.USBD_CtlSendStatus) refers to usbd_conf.o(i.USBD_LL_Transmit) for USBD_LL_Transmit
    usbd_ioreq.o(i.USBD_GetRxCount) refers to usbd_conf.o(i.USBD_LL_GetRxDataSize) for USBD_LL_GetRxDataSize
    usbd_ctlreq.o(i.USBD_CtlError) refers to usbd_conf.o(i.USBD_LL_StallEP) for USBD_LL_StallEP
    usbd_ctlreq.o(i.USBD_StdDevReq) refers to usbd_conf.o(i.USBD_LL_SetUSBAddress) for USBD_LL_SetUSBAddress
    usbd_ctlreq.o(i.USBD_StdDevReq) refers to usbd_ioreq.o(i.USBD_CtlSendStatus) for USBD_CtlSendStatus
    usbd_ctlreq.o(i.USBD_StdDevReq) refers to usbd_core.o(i.USBD_SetClassConfig) for USBD_SetClassConfig
    usbd_ctlreq.o(i.USBD_StdDevReq) refers to usbd_core.o(i.USBD_ClrClassConfig) for USBD_ClrClassConfig
    usbd_ctlreq.o(i.USBD_StdDevReq) refers to usbd_conf.o(i.USBD_LL_StallEP) for USBD_LL_StallEP
    usbd_ctlreq.o(i.USBD_StdDevReq) refers to usbd_ioreq.o(i.USBD_CtlSendData) for USBD_CtlSendData
    usbd_ctlreq.o(i.USBD_StdDevReq) refers to usbd_ctlreq.o(.data) for .data
    usbd_ctlreq.o(i.USBD_StdEPReq) refers to usbd_conf.o(i.USBD_LL_StallEP) for USBD_LL_StallEP
    usbd_ctlreq.o(i.USBD_StdEPReq) refers to usbd_ioreq.o(i.USBD_CtlSendStatus) for USBD_CtlSendStatus
    usbd_ctlreq.o(i.USBD_StdEPReq) refers to usbd_conf.o(i.USBD_LL_ClearStallEP) for USBD_LL_ClearStallEP
    usbd_ctlreq.o(i.USBD_StdEPReq) refers to usbd_conf.o(i.USBD_LL_IsStallEP) for USBD_LL_IsStallEP
    usbd_ctlreq.o(i.USBD_StdEPReq) refers to usbd_ioreq.o(i.USBD_CtlSendData) for USBD_CtlSendData
    usbd_ctlreq.o(i.USBD_StdItfReq) refers to usbd_ioreq.o(i.USBD_CtlSendStatus) for USBD_CtlSendStatus
    usbd_ctlreq.o(i.USBD_StdItfReq) refers to usbd_conf.o(i.USBD_LL_StallEP) for USBD_LL_StallEP
    usbd_audio.o(i.USBD_AUDIO_DataIn) refers to electrophydata.o(i.ElectrophyData_Checkfill) for ElectrophyData_Checkfill
    usbd_audio.o(i.USBD_AUDIO_DataIn) refers to electrophydata.o(i.ElectrophyData_ReadUSB) for ElectrophyData_ReadUSB
    usbd_audio.o(i.USBD_AUDIO_DataIn) refers to usbd_conf.o(i.USBD_LL_Transmit) for USBD_LL_Transmit
    usbd_audio.o(i.USBD_AUDIO_DataOut) refers to usbd_conf.o(i.USBD_LL_PrepareReceive) for USBD_LL_PrepareReceive
    usbd_audio.o(i.USBD_AUDIO_DeInit) refers to usbd_conf.o(i.USBD_LL_CloseEP) for USBD_LL_CloseEP
    usbd_audio.o(i.USBD_AUDIO_DeInit) refers to malloc.o(i.free) for free
    usbd_audio.o(i.USBD_AUDIO_GetCfgDesc) refers to usbd_audio.o(.data) for .data
    usbd_audio.o(i.USBD_AUDIO_GetDeviceQualifierDesc) refers to usbd_audio.o(.data) for .data
    usbd_audio.o(i.USBD_AUDIO_Init) refers to usbd_conf.o(i.USBD_LL_OpenEP) for USBD_LL_OpenEP
    usbd_audio.o(i.USBD_AUDIO_Init) refers to malloc.o(i.malloc) for malloc
    usbd_audio.o(i.USBD_AUDIO_Init) refers to usbd_conf.o(i.USBD_LL_Transmit) for USBD_LL_Transmit
    usbd_audio.o(i.USBD_AUDIO_Init) refers to usbd_audio.o(.bss) for .bss
    usbd_audio.o(i.USBD_AUDIO_Setup) refers to memseta.o(.text) for __aeabi_memclr
[...]
    ..\..\Src\usb_device.c                   0x00000000   Number         0  usb_device.o ABSOLUTE
    ..\..\Src\usbd_audio_if.c                0x00000000   Number         0  usbd_audio_if.o ABSOLUTE
    ..\..\Src\usbd_conf.c                    0x00000000   Number         0  usbd_conf.o ABSOLUTE
    ..\..\Src\usbd_desc.c                    0x00000000   Number         0  usbd_desc.o ABSOLUTE
    ..\\..\\Drivers\\CMSIS\\Device\\ST\\STM32F4xx\\Source\\Templates\\system_stm32f4xx.c 0x00000000   Number         0  system_stm32f4xx.o ABSOLUTE
    ..\\..\\Drivers\\STM32F4xx_HAL_Driver\\Src\\stm32f4xx_hal.c 0x00000000   Number         0  stm32f4xx_hal.o ABSOLUTE
    ..\\..\\Drivers\\STM32F4xx_HAL_Driver\\Src\\stm32f4xx_hal_cortex.c 0x00000000   Number         0  stm32f4xx_hal_cortex.o ABSOLUTE
    ..\\..\\Drivers\\STM32F4xx_HAL_Driver\\Src\\stm32f4xx_hal_dma.c 0x00000000   Number         0  stm32f4xx_hal_dma.o ABSOLUTE
    ..\\..\\Drivers\\STM32F4xx_HAL_Driver\\Src\\stm32f4xx_hal_dma_ex.c 0x00000000   Number         0  stm32f4xx_hal_dma_ex.o ABSOLUTE
    ..\\..\\Drivers\\STM32F4xx_HAL_Driver\\Src\\stm32f4xx_hal_flash.c 0x00000000   Number         0  stm32f4xx_hal_flash.o ABSOLUTE
    ..\\..\\Drivers\\STM32F4xx_HAL_Driver\\Src\\stm32f4xx_hal_flash_ex.c 0x00000000   Number         0  stm32f4xx_hal_flash_ex.o ABSOLUTE
    ..\\..\\Drivers\\STM32F4xx_HAL_Driver\\Src\\stm32f4xx_hal_flash_ramfunc.c 0x00000000   Number         0  stm32f4xx_hal_flash_ramfunc.o ABSOLUTE
    ..\\..\\Drivers\\STM32F4xx_HAL_Driver\\Src\\stm32f4xx_hal_gpio.c 0x00000000   Number         0  stm32f4xx_hal_gpio.o ABSOLUTE
    ..\\..\\Drivers\\STM32F4xx_HAL_Driver\\Src\\stm32f4xx_hal_pcd.c 0x00000000   Number         0  stm32f4xx_hal_pcd.o ABSOLUTE
    ..\\..\\Drivers\\STM32F4xx_HAL_Driver\\Src\\stm32f4xx_hal_pcd_ex.c 0x00000000   Number         0  stm32f4xx_hal_pcd_ex.o ABSOLUTE
    ..\\..\\Drivers\\STM32F4xx_HAL_Driver\\Src\\stm32f4xx_hal_pwr.c 0x00000000   Number         0  stm32f4xx_hal_pwr.o ABSOLUTE
    ..\\..\\Drivers\\STM32F4xx_HAL_Driver\\Src\\stm32f4xx_hal_pwr_ex.c 0x00000000   Number         0  stm32f4xx_hal_pwr_ex.o ABSOLUTE
    ..\\..\\Drivers\\STM32F4xx_HAL_Driver\\Src\\stm32f4xx_hal_rcc.c 0x00000000   Number         0  stm32f4xx_hal_rcc.o ABSOLUTE
    ..\\..\\Drivers\\STM32F4xx_HAL_Driver\\Src\\stm32f4xx_hal_rcc_ex.c 0x00000000   Number         0  stm32f4xx_hal_rcc_ex.o ABSOLUTE
    ..\\..\\Drivers\\STM32F4xx_HAL_Driver\\Src\\stm32f4xx_hal_spi.c 0x00000000   Number         0  stm32f4xx_hal_spi.o ABSOLUTE
    ..\\..\\Drivers\\STM32F4xx_HAL_Driver\\Src\\stm32f4xx_hal_tim.c 0x00000000   Number         0  stm32f4xx_hal_tim.o ABSOLUTE
    ..\\..\\Drivers\\STM32F4xx_HAL_Driver\\Src\\stm32f4xx_hal_tim_ex.c 0x00000000   Number         0  stm32f4xx_hal_tim_ex.o ABSOLUTE
    ..\\..\\Drivers\\STM32F4xx_HAL_Driver\\Src\\stm32f4xx_ll_usb.c 0x00000000   Number         0  stm32f4xx_ll_usb.o ABSOLUTE
    ..\\..\\Middlewares\\ST\\STM32_USB_Device_Library\\Class\\AUDIO\\Src\\usbd_audio.c 0x00000000   Number         0  usbd_audio.o ABSOLUTE
    ..\\..\\Middlewares\\ST\\STM32_USB_Device_Library\\Core\\Src\\usbd_core.c 0x00000000   Number         0  usbd_core.o ABSOLUTE
    ..\\..\\Middlewares\\ST\\STM32_USB_Device_Library\\Core\\Src\\usbd_ctlreq.c 0x00000000   Number         0  usbd_ctlreq.o ABSOLUTE
    ..\\..\\Middlewares\\ST\\STM32_USB_Device_Library\\Core\\Src\\usbd_ioreq.c 0x00000000   Number         0  usbd_ioreq.o ABSOLUTE
    ..\\..\\Src\\DAC.c                       0x00000000   Number         0  dac.o ABSOLUTE
    ..\\..\\Src\\ElectrophyData.c            0x00000000   Number         0  electrophydata.o ABSOLUTE
    ..\\..\\Src\\NRF.c                       0x00000000   Number         0  nrf.o ABSOLUTE
    ..\\..\\Src\\main.c                      0x00000000   Number         0  main.o ABSOLUTE
    ..\\..\\Src\\stm32f4xx_hal_msp.c         0x00000000   Number         0  stm32f4xx_hal_msp.o ABSOLUTE
    ..\\..\\Src\\stm32f4xx_it.c              0x00000000   Number         0  stm32f4xx_it.o ABSOLUTE
    ..\\..\\Src\\usb_device.c                0x00000000   Number         0  usb_device.o ABSOLUTE
    ..\\..\\Src\\usbd_audio_if.c             0x00000000   Number         0  usbd_audio_if.o ABSOLUTE
    ..\\..\\Src\\usbd_conf.c                 0x00000000   Number         0  usbd_conf.o ABSOLUTE
    ..\\..\\Src\\usbd_desc.c                 0x00000000   Number         0  usbd_desc.o ABSOLUTE
    dc.s                                     0x00000000   Number         0  dc.o ABSOLUTE
    handlers.s                               0x00000000   Number         0  handlers.o ABSOLUTE
    init.s                                   0x00000000   Number         0  init.o ABSOLUTE
    RESET                                    0x08000000   Section      392  startup_stm32f407xx.o(RESET)
    .ARM.Collect$$$$00000000                 0x08000188   Section        0  entry.o(.ARM.Collect$$$$00000000)
    .ARM.Collect$$$$00000001                 0x08000188   Section        4  entry2.o(.ARM.Collect$$$$00000001)
    .ARM.Collect$$$$00000004                 0x0800018c   Section        4  entry5.o(.ARM.Collect$$$$00000004)
    .ARM.Collect$$$$00000008                 0x08000190   Section        0  entry7b.o(.ARM.Collect$$$$00000008)
    .ARM.Collect$$$$0000000A                 0x08000190   Section        0  entry8b.o(.ARM.Collect$$$$0000000A)
    .ARM.Collect$$$$0000000B                 0x08000190   Section        8  entry9a.o(.ARM.Collect$$$$0000000B)
    .ARM.Collect$$$$0000000D                 0x08000198   Section        0  entry10a.o(.ARM.Collect$$$$0000000D)
    .ARM.Collect$$$$0000000F                 0x08000198   Section        0  entry11a.o(.ARM.Collect$$$$0000000F)
    .ARM.Collect$$$$00002712                 0x08000198   Section        4  entry2.o(.ARM.Collect$$$$00002712)
    __lit__00000000                          0x08000198   Data           4  entry2.o(.ARM.Collect$$$$00002712)
    .text                                    0x0800019c   Section       36  startup_stm32f407xx.o(.text)
    $v0                                      0x0800019c   Number         0  startup_stm32f407xx.o(.text)
    .text                                    0x080001c0   Section        0  memseta.o(.text)
    .text                                    0x080001e4   Section       36  init.o(.text)
    .text                                    0x08000208   Section        0  __dczerorl2.o(.text)
    i.AUDIO_AudioCmd_FS                      0x0800025e   Section        0  usbd_audio_if.o(i.AUDIO_AudioCmd_FS)
    AUDIO_AudioCmd_FS                        0x0800025f   Thumb Code     4  usbd_audio_if.o(i.AUDIO_AudioCmd_FS)
    i.AUDIO_DeInit_FS                        0x08000262   Section        0  usbd_audio_if.o(i.AUDIO_DeInit_FS)
    AUDIO_DeInit_FS                          0x08000263   Thumb Code     4  usbd_audio_if.o(i.AUDIO_DeInit_FS)
    i.AUDIO_GetState_FS                      0x08000266   Section        0  usbd_audio_if.o(i.AUDIO_GetState_FS)
    AUDIO_GetState_FS                        0x08000267   Thumb Code     4  usbd_audio_if.o(i.AUDIO_GetState_FS)
    i.AUDIO_Init_FS                          0x0800026c   Section        0  usbd_audio_if.o(i.AUDIO_Init_FS)
    AUDIO_Init_FS                            0x0800026d   Thumb Code    10  usbd_audio_if.o(i.AUDIO_Init_FS)
    i.AUDIO_MuteCtl_FS                       0x08000280   Section        0  usbd_audio_if.o(i.AUDIO_MuteCtl_FS)
    AUDIO_MuteCtl_FS                         0x08000281   Thumb Code     6  usbd_audio_if.o(i.AUDIO_MuteCtl_FS)
    i.AUDIO_PeriodicTC_FS                    0x08000286   Section        0  usbd_audio_if.o(i.AUDIO_PeriodicTC_FS)
    AUDIO_PeriodicTC_FS                      0x08000287   Thumb Code     4  usbd_audio_if.o(i.AUDIO_PeriodicTC_FS)
    i.AUDIO_VolumeCtl_FS                     0x0800028a   Section        0  usbd_audio_if.o(i.AUDIO_VolumeCtl_FS)
    AUDIO_VolumeCtl_FS                       0x0800028b   Thumb Code     4  usbd_audio_if.o(i.AUDIO_VolumeCtl_FS)
    i.DAC_Enable                             0x0800028e   Section        0  dac.o(i.DAC_Enable)
    i.DAC_Init                               0x080002a0   Section        0  dac.o(i.DAC_Init)
    i.DMA1_Stream3_IRQHandler                0x0800042c   Section        0  nrf.o(i.DMA1_Stream3_IRQHandler)
    i.DMA2_Stream2_IRQHandler                0x08000490   Section        0  nrf.o(i.DMA2_Stream2_IRQHandler)
    i.DmaInit                                0x080004f4   Section        0  nrf.o(i.DmaInit)
    DmaInit                                  0x080004f5   Thumb Code   202  nrf.o(i.DmaInit)
    i.EXTI15_10_IRQHandler                   0x080005c8   Section        0  nrf.o(i.EXTI15_10_IRQHandler)
    i.EXTI2_IRQHandler                       0x080005f4   Section        0  nrf.o(i.EXTI2_IRQHandler)
    i.ElectrophyData_ApplyMask               0x08000620   Section        0  electrophydata.o(i.ElectrophyData_ApplyMask)
    i.ElectrophyData_Checkfill               0x08000678   Section        0  electrophydata.o(i.ElectrophyData_Checkfill)
    i.ElectrophyData_Init                    0x080006c8   Section        0  electrophydata.o(i.ElectrophyData_Init)
    i.ElectrophyData_ReadDAC                 0x08000798   Section        0  electrophydata.o(i.ElectrophyData_ReadDAC)
    i.ElectrophyData_ReadUSB                 0x080007e0   Section        0  electrophydata.o(i.ElectrophyData_ReadUSB)
    i.ElectrophyData_WriteNrf                0x08000808   Section        0  electrophydata.o(i.ElectrophyData_WriteNrf)
    i.ExtiHandler                            0x080008a8   Section        0  nrf.o(i.ExtiHandler)
    ExtiHandler                              0x080008a9   Thumb Code   158  nrf.o(i.ExtiHandler)
    i.HAL_DMA_Init                           0x08000954   Section        0  stm32f4xx_hal_dma.o(i.HAL_DMA_Init)
    i.HAL_Delay                              0x080009e0   Section        0  stm32f4xx_hal.o(i.HAL_Delay)
    i.HAL_GPIO_DeInit                        0x080009f8   Section        0  stm32f4xx_hal_gpio.o(i.HAL_GPIO_DeInit)
    i.HAL_GPIO_Init                          0x08000adc   Section        0  stm32f4xx_hal_gpio.o(i.HAL_GPIO_Init)
    i.HAL_GetTick                            0x08000d28   Section        0  stm32f4xx_hal.o(i.HAL_GetTick)
    i.HAL_IncTick                            0x08000d34   Section        0  stm32f4xx_hal.o(i.HAL_IncTick)
    i.HAL_Init                               0x08000d44   Section        0  stm32f4xx_hal.o(i.HAL_Init)
    i.HAL_InitTick                           0x08000d78   Section        0  stm32f4xx_hal.o(i.HAL_InitTick)
    i.HAL_MspInit                            0x08000d9a   Section        0  stm32f4xx_hal_msp.o(i.HAL_MspInit)
    i.HAL_NVIC_DisableIRQ                    0x08000db0   Section        0  stm32f4xx_hal_cortex.o(i.HAL_NVIC_DisableIRQ)
    i.HAL_NVIC_EnableIRQ                     0x08000dc8   Section        0  stm32f4xx_hal_cortex.o(i.HAL_NVIC_EnableIRQ)
    i.HAL_NVIC_SetPriority                   0x08000de0   Section        0  stm32f4xx_hal_cortex.o(i.HAL_NVIC_SetPriority)
    i.HAL_NVIC_SetPriorityGrouping           0x08000e44   Section        0  stm32f4xx_hal_cortex.o(i.HAL_NVIC_SetPriorityGrouping)
    i.HAL_PCDEx_SetRxFiFo                    0x08000e68   Section        0  stm32f4xx_hal_pcd_ex.o(i.HAL_PCDEx_SetRxFiFo)
    i.HAL_PCDEx_SetTxFiFo                    0x08000e70   Section        0  stm32f4xx_hal_pcd_ex.o(i.HAL_PCDEx_SetTxFiFo)
    i.HAL_PCD_ConnectCallback                0x08000ebe   Section        0  usbd_conf.o(i.HAL_PCD_ConnectCallback)
    i.HAL_PCD_DataInStageCallback            0x08000ec6   Section        0  usbd_conf.o(i.HAL_PCD_DataInStageCallback)
    i.HAL_PCD_DataOutStageCallback           0x08000ed8   Section        0  usbd_conf.o(i.HAL_PCD_DataOutStageCallback)
    i.HAL_PCD_DisconnectCallback             0x08000eec   Section        0  usbd_conf.o(i.HAL_PCD_DisconnectCallback)
    i.HAL_PCD_EP_Close                       0x08000ef4   Section        0  stm32f4xx_hal_pcd.o(i.HAL_PCD_EP_Close)
    i.HAL_PCD_EP_ClrStall                    0x08000f3a   Section        0  stm32f4xx_hal_pcd.o(i.HAL_PCD_EP_ClrStall)
    i.HAL_PCD_EP_Open                        0x08000f88   Section        0  stm32f4xx_hal_pcd.o(i.HAL_PCD_EP_Open)
    i.HAL_PCD_EP_Receive                     0x08000fe0   Section        0  stm32f4xx_hal_pcd.o(i.HAL_PCD_EP_Receive)
    i.HAL_PCD_EP_SetStall                    0x0800103e   Section        0  stm32f4xx_hal_pcd.o(i.HAL_PCD_EP_SetStall)
    i.HAL_PCD_EP_Transmit                    0x0800109c   Section        0  stm32f4xx_hal_pcd.o(i.HAL_PCD_EP_Transmit)
    i.HAL_PCD_IRQHandler                     0x080010f8   Section        0  stm32f4xx_hal_pcd.o(i.HAL_PCD_IRQHandler)
    i.HAL_PCD_ISOINIncompleteCallback        0x080015e2   Section        0  usbd_conf.o(i.HAL_PCD_ISOINIncompleteCallback)
    i.HAL_PCD_ISOOUTIncompleteCallback       0x080015ea   Section        0  usbd_conf.o(i.HAL_PCD_ISOOUTIncompleteCallback)
    i.HAL_PCD_Init                           0x080015f2   Section        0  stm32f4xx_hal_pcd.o(i.HAL_PCD_Init)
    i.HAL_PCD_MspInit                        0x080016bc   Section        0  usbd_conf.o(i.HAL_PCD_MspInit)
    i.HAL_PCD_ResetCallback                  0x08001754   Section        0  usbd_conf.o(i.HAL_PCD_ResetCallback)
    i.HAL_PCD_ResumeCallback                 0x08001776   Section        0  usbd_conf.o(i.HAL_PCD_ResumeCallback)
    i.HAL_PCD_SOFCallback                    0x0800177e   Section        0  usbd_conf.o(i.HAL_PCD_SOFCallback)
    i.HAL_PCD_SetAddress                     0x08001786   Section        0  stm32f4xx_hal_pcd.o(i.HAL_PCD_SetAddress)
    i.HAL_PCD_SetupStageCallback             0x080017aa   Section        0  usbd_conf.o(i.HAL_PCD_SetupStageCallback)
    i.HAL_PCD_Start                          0x080017b8   Section        0  stm32f4xx_hal_pcd.o(i.HAL_PCD_Start)
    i.HAL_PCD_Stop                           0x080017e2   Section        0  stm32f4xx_hal_pcd.o(i.HAL_PCD_Stop)
    i.HAL_PCD_SuspendCallback                0x08001812   Section        0  usbd_conf.o(i.HAL_PCD_SuspendCallback)
    i.HAL_RCC_ClockConfig                    0x0800181c   Section        0  stm32f4xx_hal_rcc.o(i.HAL_RCC_ClockConfig)
    i.HAL_RCC_GetHCLKFreq                    0x08001a1c   Section        0  stm32f4xx_hal_rcc.o(i.HAL_RCC_GetHCLKFreq)
    i.HAL_RCC_OscConfig                      0x08001adc   Section        0  stm32f4xx_hal_rcc.o(i.HAL_RCC_OscConfig)
    i.HAL_SPI_Init                           0x08001ea0   Section        0  stm32f4xx_hal_spi.o(i.HAL_SPI_Init)
    i.HAL_SPI_MspInit                        0x08001f24   Section        0  stm32f4xx_hal_spi.o(i.HAL_SPI_MspInit)
    i.HAL_SYSTICK_Callback                   0x08001f26   Section        0  stm32f4xx_hal_cortex.o(i.HAL_SYSTICK_Callback)
    i.HAL_SYSTICK_Config                     0x08001f28   Section        0  stm32f4xx_hal_cortex.o(i.HAL_SYSTICK_Config)
    i.HAL_SYSTICK_IRQHandler                 0x08001f54   Section        0  stm32f4xx_hal_cortex.o(i.HAL_SYSTICK_IRQHandler)
    i.HAL_TIM_Base_Init                      0x08001f5c   Section        0  stm32f4xx_hal_tim.o(i.HAL_TIM_Base_Init)
    i.HAL_TIM_Base_MspInit                   0x08001f8e   Section        0  stm32f4xx_hal_tim.o(i.HAL_TIM_Base_MspInit)
    i.MX_USB_DEVICE_Enable                   0x08001f90   Section        0  usb_device.o(i.MX_USB_DEVICE_Enable)
    i.MX_USB_DEVICE_Init                     0x08001fa4   Section        0  usb_device.o(i.MX_USB_DEVICE_Init)
    i.NRF_Init                               0x08001fd4   Section        0  nrf.o(i.NRF_Init)
    i.OTG_FS_IRQHandler                      0x0800220c   Section        0  stm32f4xx_it.o(i.OTG_FS_IRQHandler)
    i.OTG_FS_WKUP_IRQHandler                 0x08002218   Section        0  stm32f4xx_it.o(i.OTG_FS_WKUP_IRQHandler)
    i.RegisterInit                           0x08002224   Section        0  nrf.o(i.RegisterInit)
    RegisterInit                             0x08002225   Thumb Code   146  nrf.o(i.RegisterInit)
    i.SPI3_IRQHandler                        0x080022e8   Section        0  dac.o(i.SPI3_IRQHandler)
    i.SpiSend                                0x08002374   Section        0  nrf.o(i.SpiSend)
    SpiSend                                  0x08002375   Thumb Code   112  nrf.o(i.SpiSend)
    i.SysTick_Handler                        0x080023e8   Section        0  stm32f4xx_it.o(i.SysTick_Handler)
    i.SystemInit                             0x080023f8   Section        0  system_stm32f4xx.o(i.SystemInit)
    i.TIM2_IRQHandler                        0x08002450   Section        0  dac.o(i.TIM2_IRQHandler)
    i.TIM_Base_SetConfig                     0x080024f0   Section        0  stm32f4xx_hal_tim.o(i.TIM_Base_SetConfig)
    i.USBD_AUDIO_DataIn                      0x080025b0   Section        0  usbd_audio.o(i.USBD_AUDIO_DataIn)
    USBD_AUDIO_DataIn                        0x080025b1   Thumb Code    34  usbd_audio.o(i.USBD_AUDIO_DataIn)
    i.USBD_AUDIO_DataOut                     0x080025d2   Section        0  usbd_audio.o(i.USBD_AUDIO_DataOut)
    USBD_AUDIO_DataOut                       0x080025d3   Thumb Code   116  usbd_audio.o(i.USBD_AUDIO_DataOut)
    i.USBD_AUDIO_DeInit                      0x08002646   Section        0  usbd_audio.o(i.USBD_AUDIO_DeInit)
    USBD_AUDIO_DeInit                        0x08002647   Thumb Code    44  usbd_audio.o(i.USBD_AUDIO_DeInit)
    i.USBD_AUDIO_EP0_RxReady                 0x08002672   Section        0  usbd_audio.o(i.USBD_AUDIO_EP0_RxReady)
    USBD_AUDIO_EP0_RxReady                   0x08002673   Thumb Code    54  usbd_audio.o(i.USBD_AUDIO_EP0_RxReady)
    i.USBD_AUDIO_EP0_TxReady                 0x080026a8   Section        0  usbd_audio.o(i.USBD_AUDIO_EP0_TxReady)
    USBD_AUDIO_EP0_TxReady                   0x080026a9   Thumb Code     4  usbd_audio.o(i.USBD_AUDIO_EP0_TxReady)
    i.USBD_AUDIO_GetCfgDesc                  0x080026ac   Section        0  usbd_audio.o(i.USBD_AUDIO_GetCfgDesc)
    USBD_AUDIO_GetCfgDesc                    0x080026ad   Thumb Code     8  usbd_audio.o(i.USBD_AUDIO_GetCfgDesc)
    i.USBD_AUDIO_GetDeviceQualifierDesc      0x080026b8   Section        0  usbd_audio.o(i.USBD_AUDIO_GetDeviceQualifierDesc)
    USBD_AUDIO_GetDeviceQualifierDesc        0x080026b9   Thumb Code     8  usbd_audio.o(i.USBD_AUDIO_GetDeviceQualifierDesc)
    i.USBD_AUDIO_Init                        0x080026c4   Section        0  usbd_audio.o(i.USBD_AUDIO_Init)
    USBD_AUDIO_Init                          0x080026c5   Thumb Code   270  usbd_audio.o(i.USBD_AUDIO_Init)
    i.USBD_AUDIO_IsoINIncomplete             0x080027d8   Section        0  usbd_audio.o(i.USBD_AUDIO_IsoINIncomplete)
    USBD_AUDIO_IsoINIncomplete               0x080027d9   Thumb Code     4  usbd_audio.o(i.USBD_AUDIO_IsoINIncomplete)
    i.USBD_AUDIO_IsoOutIncomplete            0x080027dc   Section        0  usbd_audio.o(i.USBD_AUDIO_IsoOutIncomplete)
    USBD_AUDIO_IsoOutIncomplete              0x080027dd   Thumb Code     4  usbd_audio.o(i.USBD_AUDIO_IsoOutIncomplete)
    i.USBD_AUDIO_RegisterInterface           0x080027e0   Section        0  usbd_audio.o(i.USBD_AUDIO_RegisterInterface)
    i.USBD_AUDIO_SOF                         0x080027ec   Section        0  usbd_audio.o(i.USBD_AUDIO_SOF)
    USBD_AUDIO_SOF                           0x080027ed   Thumb Code     4  usbd_audio.o(i.USBD_AUDIO_SOF)
    i.USBD_AUDIO_Setup                       0x080027f0   Section        0  usbd_audio.o(i.USBD_AUDIO_Setup)
    USBD_AUDIO_Setup                         0x080027f1   Thumb Code   170  usbd_audio.o(i.USBD_AUDIO_Setup)
    i.USBD_ClrClassConfig                    0x080028a0   Section        0  usbd_core.o(i.USBD_ClrClassConfig)
    i.USBD_CtlContinueRx                     0x080028ae   Section        0  usbd_ioreq.o(i.USBD_CtlContinueRx)
    i.USBD_CtlContinueSendData               0x080028be   Section        0  usbd_ioreq.o(i.USBD_CtlContinueSendData)
    i.USBD_CtlError                          0x080028ce   Section        0  usbd_ctlreq.o(i.USBD_CtlError)
    i.USBD_CtlPrepareRx                      0x080028e4   Section        0  usbd_ioreq.o(i.USBD_CtlPrepareRx)
    i.USBD_CtlReceiveStatus                  0x08002902   Section        0  usbd_ioreq.o(i.USBD_CtlReceiveStatus)
    i.USBD_CtlSendData                       0x08002918   Section        0  usbd_ioreq.o(i.USBD_CtlSendData)
    i.USBD_CtlSendStatus                     0x08002932   Section        0  usbd_ioreq.o(i.USBD_CtlSendStatus)
    i.USBD_FS_ConfigStrDescriptor            0x08002948   Section        0  usbd_desc.o(i.USBD_FS_ConfigStrDescriptor)
    i.USBD_FS_DeviceDescriptor               0x0800296c   Section        0  usbd_desc.o(i.USBD_FS_DeviceDescriptor)
    i.USBD_FS_InterfaceStrDescriptor         0x08002978   Section        0  usbd_desc.o(i.USBD_FS_InterfaceStrDescriptor)
    i.USBD_FS_LangIDStrDescriptor            0x0800299c   Section        0  usbd_desc.o(i.USBD_FS_LangIDStrDescriptor)
    i.USBD_FS_ManufacturerStrDescriptor      0x080029a8   Section        0  usbd_desc.o(i.USBD_FS_ManufacturerStrDescriptor)
    i.USBD_FS_ProductStrDescriptor           0x080029d0   Section        0  usbd_desc.o(i.USBD_FS_ProductStrDescriptor)
    i.USBD_FS_SerialStrDescriptor            0x080029f8   Section        0  usbd_desc.o(i.USBD_FS_SerialStrDescriptor)
    i.USBD_GetString                         0x08002a1c   Section        0  usbd_ctlreq.o(i.USBD_GetString)
    i.USBD_Init                              0x08002a84   Section        0  usbd_core.o(i.USBD_Init)
    i.USBD_LL_ClearStallEP                   0x08002ab4   Section        0  usbd_conf.o(i.USBD_LL_ClearStallEP)
    i.USBD_LL_CloseEP                        0x08002ac2   Section        0  usbd_conf.o(i.USBD_LL_CloseEP)
    i.USBD_LL_DataInStage                    0x08002ad0   Section        0  usbd_core.o(i.USBD_LL_DataInStage)
    i.USBD_LL_DataOutStage                   0x08002b68   Section        0  usbd_core.o(i.USBD_LL_DataOutStage)
    i.USBD_LL_DevConnected                   0x08002bd2   Section        0  usbd_core.o(i.USBD_LL_DevConnected)
    i.USBD_LL_DevDisconnected                0x08002bd6   Section        0  usbd_core.o(i.USBD_LL_DevDisconnected)
    i.USBD_LL_Init                           0x08002bec   Section        0  usbd_conf.o(i.USBD_LL_Init)
    i.USBD_LL_IsStallEP                      0x08002c4c   Section        0  usbd_conf.o(i.USBD_LL_IsStallEP)
    i.USBD_LL_IsoINIncomplete                0x08002c6c   Section        0  usbd_core.o(i.USBD_LL_IsoINIncomplete)
    i.USBD_LL_IsoOUTIncomplete               0x08002c70   Section        0  usbd_core.o(i.USBD_LL_IsoOUTIncomplete)
    i.USBD_LL_OpenEP                         0x08002c74   Section        0  usbd_conf.o(i.USBD_LL_OpenEP)
    i.USBD_LL_PrepareReceive                 0x08002c88   Section        0  usbd_conf.o(i.USBD_LL_PrepareReceive)
    i.USBD_LL_Reset                          0x08002c96   Section        0  usbd_core.o(i.USBD_LL_Reset)
    i.USBD_LL_Resume                         0x08002cd4   Section        0  usbd_core.o(i.USBD_LL_Resume)
    i.USBD_LL_SOF                            0x08002ce0   Section        0  usbd_core.o(i.USBD_LL_SOF)
    i.USBD_LL_SetSpeed                       0x08002cfa   Section        0  usbd_core.o(i.USBD_LL_SetSpeed)
    i.USBD_LL_SetUSBAddress                  0x08002d00   Section        0  usbd_conf.o(i.USBD_LL_SetUSBAddress)
    i.USBD_LL_SetupStage                     0x08002d0e   Section        0  usbd_core.o(i.USBD_LL_SetupStage)
    i.USBD_LL_StallEP                        0x08002d6c   Section        0  usbd_conf.o(i.USBD_LL_StallEP)
    i.USBD_LL_Start                          0x08002d7a   Section        0  usbd_conf.o(i.USBD_LL_Start)
    i.USBD_LL_Stop                           0x08002d88   Section        0  usbd_conf.o(i.USBD_LL_Stop)
    i.USBD_LL_Suspend                        0x08002d96   Section        0  usbd_core.o(i.USBD_LL_Suspend)
    i.USBD_LL_Transmit                       0x08002da8   Section        0  usbd_conf.o(i.USBD_LL_Transmit)
    i.USBD_ParseSetupRequest                 0x08002db6   Section        0  usbd_ctlreq.o(i.USBD_ParseSetupRequest)
    i.USBD_RegisterClass                     0x08002dde   Section        0  usbd_core.o(i.USBD_RegisterClass)
    i.USBD_SetClassConfig                    0x08002dee   Section        0  usbd_core.o(i.USBD_SetClassConfig)
    i.USBD_Start                             0x08002e06   Section        0  usbd_core.o(i.USBD_Start)
    i.USBD_StdDevReq                         0x08002e10   Section        0  usbd_ctlreq.o(i.USBD_StdDevReq)
    i.USBD_StdEPReq                          0x080030a0   Section        0  usbd_ctlreq.o(i.USBD_StdEPReq)
    i.USBD_StdItfReq                         0x0800318e   Section        0  usbd_ctlreq.o(i.USBD_StdItfReq)
    i.USBD_Stop                              0x080031ce   Section        0  usbd_core.o(i.USBD_Stop)
    i.USB_ActivateEndpoint                   0x080031e8   Section        0  stm32f4xx_ll_usb.o(i.USB_ActivateEndpoint)
    i.USB_ActivateSetup                      0x08003278   Section        0  stm32f4xx_ll_usb.o(i.USB_ActivateSetup)
    i.USB_CoreInit                           0x080032ac   Section        0  stm32f4xx_ll_usb.o(i.USB_CoreInit)
    i.USB_DeactivateEndpoint                 0x08003368   Section        0  stm32f4xx_ll_usb.o(i.USB_DeactivateEndpoint)
    i.USB_DevConnect                         0x080033e4   Section        0  stm32f4xx_ll_usb.o(i.USB_DevConnect)
    i.USB_DevDisconnect                      0x080033fc   Section        0  stm32f4xx_ll_usb.o(i.USB_DevDisconnect)
    i.USB_DevInit                            0x08003414   Section        0  stm32f4xx_ll_usb.o(i.USB_DevInit)
    i.USB_DisableGlobalInt                   0x08003588   Section        0  stm32f4xx_ll_usb.o(i.USB_DisableGlobalInt)
    i.USB_EP0StartXfer                       0x08003594   Section        0  stm32f4xx_ll_usb.o(i.USB_EP0StartXfer)
    i.USB_EP0_OutStart                       0x080036ec   Section        0  stm32f4xx_ll_usb.o(i.USB_EP0_OutStart)
    i.USB_EPClearStall                       0x0800372a   Section        0  stm32f4xx_ll_usb.o(i.USB_EPClearStall)
    i.USB_EPSetStall                         0x0800378e   Section        0  stm32f4xx_ll_usb.o(i.USB_EPSetStall)
    i.USB_EPStartXfer                        0x080037f4   Section        0  stm32f4xx_ll_usb.o(i.USB_EPStartXfer)
    i.USB_EnableGlobalInt                    0x08003a68   Section        0  stm32f4xx_ll_usb.o(i.USB_EnableGlobalInt)
    i.USB_FlushTxFifo                        0x08003a74   Section        0  stm32f4xx_ll_usb.o(i.USB_FlushTxFifo)
    i.USB_GetDevSpeed                        0x08003a9c   Section        0  stm32f4xx_ll_usb.o(i.USB_GetDevSpeed)
    i.USB_GetMode                            0x08003ad6   Section        0  stm32f4xx_ll_usb.o(i.USB_GetMode)
    i.USB_ReadDevAllInEpInterrupt            0x08003ade   Section        0  stm32f4xx_ll_usb.o(i.USB_ReadDevAllInEpInterrupt)
    i.USB_ReadDevAllOutEpInterrupt           0x08003aec   Section        0  stm32f4xx_ll_usb.o(i.USB_ReadDevAllOutEpInterrupt)
    i.USB_ReadDevInEPInterrupt               0x08003afa   Section        0  stm32f4xx_ll_usb.o(i.USB_ReadDevInEPInterrupt)
    i.USB_ReadDevOutEPInterrupt              0x08003b18   Section        0  stm32f4xx_ll_usb.o(i.USB_ReadDevOutEPInterrupt)
    i.USB_ReadInterrupts                     0x08003b28   Section        0  stm32f4xx_ll_usb.o(i.USB_ReadInterrupts)
    i.USB_ReadPacket                         0x08003b30   Section        0  stm32f4xx_ll_usb.o(i.USB_ReadPacket)
    i.USB_SetCurrentMode                     0x08003b6a   Section        0  stm32f4xx_ll_usb.o(i.USB_SetCurrentMode)
    i.USB_SetDevAddress                      0x08003b98   Section        0  stm32f4xx_ll_usb.o(i.USB_SetDevAddress)
    i.USB_StopDevice                         0x08003bbc   Section        0  stm32f4xx_ll_usb.o(i.USB_StopDevice)
    i.USB_WritePacket                        0x08003c84   Section        0  stm32f4xx_ll_usb.o(i.USB_WritePacket)
    i.__scatterload_copy                     0x08003cc6   Section       14  handlers.o(i.__scatterload_copy)
    i.__scatterload_null                     0x08003cd4   Section        2  handlers.o(i.__scatterload_null)
    i.__scatterload_zeroinit                 0x08003cd6   Section       14  handlers.o(i.__scatterload_zeroinit)
    i.free                                   0x08003ce4   Section        0  malloc.o(i.free)
    i.main                                   0x08003d34   Section        0  main.o(i.main)
    i.malloc                                 0x08003e28   Section        0  malloc.o(i.malloc)
    .constdata                               0x08003e94   Section      152  nrf.o(.constdata)
    .constdata                               0x08003f2c   Section       28  dac.o(.constdata)
    .constdata                               0x08003f48   Section       16  stm32f4xx_hal_rcc.o(.constdata)
    .data                                    0x20000000   Section        1  usbd_ctlreq.o(.data)
    cfgidx                                   0x20000000   Data           1  usbd_ctlreq.o(.data)
    .data                                    0x20000004   Section       56  usbd_audio.o(.data)
    .data                                    0x2000003c   Section      110  usbd_audio.o(.data)
    USBD_AUDIO_CfgDesc                       0x2000003c   Data         100  usbd_audio.o(.data)
    USBD_AUDIO_DeviceQualifierDesc           0x200000a0   Data          10  usbd_audio.o(.data)
    .data                                    0x200000ac   Section       28  usbd_desc.o(.data)
    .data                                    0x200000c8   Section       22  usbd_desc.o(.data)
    .data                                    0x200000e0   Section       28  usbd_audio_if.o(.data)
    .data                                    0x200000fc   Section        4  usbd_audio_if.o(.data)
    .data                                    0x20000100   Section        1  main.o(.data)
    Output_device                            0x20000100   Data           1  main.o(.data)
    .data                                    0x20000101   Section       40  nrf.o(.data)
    FLAG_PACKET                              0x20000101   Data           1  nrf.o(.data)
    flushRxFifo                              0x20000102   Data           1  nrf.o(.data)
    Receive                                  0x20000103   Data           1  nrf.o(.data)
    flushRxFifo                              0x20000104   Data           1  nrf.o(.data)
    flushTxFifo                              0x20000105   Data           1  nrf.o(.data)
    indexSpi                                 0x20000106   Data           1  nrf.o(.data)
    ClearIrqFlag                             0x20000107   Data           2  nrf.o(.data)
    disableAutoAck                           0x20000109   Data           2  nrf.o(.data)
    rxPayloadSize                            0x2000010b   Data           2  nrf.o(.data)
    rxPipe                                   0x2000010d   Data           2  nrf.o(.data)
    rxTxAdressSize                           0x2000010f   Data           2  nrf.o(.data)
    rfChanel                                 0x20000111   Data           2  nrf.o(.data)
    rfParameter                              0x20000113   Data           2  nrf.o(.data)
    receiveMode                              0x20000115   Data           2  nrf.o(.data)
    clearIrq                                 0x20000117   Data           2  nrf.o(.data)
    rxAdressP0                               0x20000119   Data           4  nrf.o(.data)
    rxAdressP0                               0x2000011d   Data           6  nrf.o(.data)
    txAdress                                 0x20000123   Data           6  nrf.o(.data)
    .data                                    0x2000012c   Section       36  dac.o(.data)
    dataCnt                                  0x2000012c   Data           1  dac.o(.data)
    CTRL0                                    0x2000012e   Data           2  dac.o(.data)
    CTRL1                                    0x20000130   Data           2  dac.o(.data)
    dataSpi                                  0x20000132   Data           2  dac.o(.data)
    SampleData                               0x20000134   Data           4  dac.o(.data)
    ptrChannel                               0x20000138   Data           4  dac.o(.data)
    bufferSample                             0x2000013c   Data           4  dac.o(.data)
    DAC_Channel                              0x20000140   Data          16  dac.o(.data)
    .data                                    0x20000150   Section       14  electrophydata.o(.data)
    flag_refresh                             0x20000150   Data           1  electrophydata.o(.data)
    PreviousWriteIndexNrf                    0x20000156   Data           2  electrophydata.o(.data)
    previousReadUsb                          0x20000158   Data           2  electrophydata.o(.data)
    previousReadIndexDac                     0x2000015a   Data           2  electrophydata.o(.data)
    previousReadIndexNrf                     0x2000015c   Data           2  electrophydata.o(.data)
    .data                                    0x20000160   Section        4  stm32f4xx_hal.o(.data)
    uwTick                                   0x20000160   Data           4  stm32f4xx_hal.o(.data)
    .data                                    0x20000164   Section       20  system_stm32f4xx.o(.data)
    .data                                    0x20000178   Section        4  mvars.o(.data)
    .data                                    0x2000017c   Section        4  mvars.o(.data)
    .bss                                     0x20000180   Section      352  usbd_audio.o(.bss)
    TestTrame                                0x20000180   Data         352  usbd_audio.o(.bss)
    .bss                                     0x200002e0   Section      512  usbd_desc.o(.bss)
    .bss                                     0x200004e0   Section      944  usbd_conf.o(.bss)
    .bss                                     0x20000890   Section      548  usb_device.o(.bss)
    .bss                                     0x20000ab4   Section       33  nrf.o(.bss)
    Spi1TxBuffer                             0x20000ab4   Data          33  nrf.o(.bss)
    .bss                                     0x20000ad6   Section       66  nrf.o(.bss)
    Spi1RxBuffer                             0x20000ad6   Data          66  nrf.o(.bss)
    .bss                                     0x20000b18   Section       33  nrf.o(.bss)
    Spi2TxBuffer                             0x20000b18   Data          33  nrf.o(.bss)
    .bss                                     0x20000b3a   Section       66  nrf.o(.bss)
    Spi2RxBuffer                             0x20000b3a   Data          66  nrf.o(.bss)
    .bss                                     0x20000b7c   Section      244  nrf.o(.bss)
    SpiHandle                                0x20000b7c   Data          84  nrf.o(.bss)
    hdma_tx                                  0x20000bd0   Data          80  nrf.o(.bss)
    hdma_rx                                  0x20000c20   Data          80  nrf.o(.bss)
    .bss                                     0x20000c70   Section      160  dac.o(.bss)
    DAC_Empty                                0x20000c70   Data          16  dac.o(.bss)
    SpiHandle                                0x20000c80   Data          84  dac.o(.bss)
    TimHandle                                0x20000cd4   Data          60  dac.o(.bss)
    .bss                                     0x20000d10   Section    64342  electrophydata.o(.bss)
    ElectrophyDataUSB                        0x20000d50   Data       51216  electrophydata.o(.bss)
    ElectrophyDataDAC                        0x2000d560   Data       12806  electrophydata.o(.bss)
    HEAP                                     0x20010868   Section    16384  startup_stm32f407xx.o(HEAP)
    STACK                                    0x20014868   Section     4096  startup_stm32f407xx.o(STACK)

    Global Symbols

    Symbol Name                              Value     Ov Type        Size  Object(Section)

    BuildAttributes$$THM_ISAv4$E$P$D$K$B$S$7EM$VFPi3$EXTD16$VFPS$VFMA$PE$A:L22UL41UL21$X:L11$S22US41US21$IEEE1$IW$USESV6$~STKCKD$USESV7$~SHL$OTIME$EBA8$MICROLIB$REQ8$PRES8$EABIv2 0x00000000   Number         0  anon$$obj.o ABSOLUTE
    __ARM_use_no_argv                        0x00000000   Number         0  main.o ABSOLUTE
    __cpp_initialize__aeabi_                  - Undefined Weak Reference
    __cxa_finalize                            - Undefined Weak Reference
    _clock_init                               - Undefined Weak Reference
    _microlib_exit                            - Undefined Weak Reference
    __Vectors_Size                           0x00000188   Number         0  startup_stm32f407xx.o ABSOLUTE
    __Vectors                                0x08000000   Data           4  startup_stm32f407xx.o(RESET)
    __Vectors_End                            0x08000188   Data           0  startup_stm32f407xx.o(RESET)
    __main                                   0x08000189   Thumb Code     0  entry.o(.ARM.Collect$$$$00000000)
    _main_stk                                0x08000189   Thumb Code     0  entry2.o(.ARM.Collect$$$$00000001)
    _main_scatterload                        0x0800018d   Thumb Code     0  entry5.o(.ARM.Collect$$$$00000004)
    __main_after_scatterload                 0x08000191   Thumb Code     0  entry5.o(.ARM.Collect$$$$00000004)
    _main_clock                              0x08000191   Thumb Code     0  entry7b.o(.ARM.Collect$$$$00000008)
    _main_cpp_init                           0x08000191   Thumb Code     0  entry8b.o(.ARM.Collect$$$$0000000A)
    _main_init                               0x08000191   Thumb Code     0  entry9a.o(.ARM.Collect$$$$0000000B)
    __rt_final_cpp                           0x08000199   Thumb Code     0  entry10a.o(.ARM.Collect$$$$0000000D)
    __rt_final_exit                          0x08000199   Thumb Code     0  entry11a.o(.ARM.Collect$$$$0000000F)
    Reset_Handler                            0x0800019d   Thumb Code     8  startup_stm32f407xx.o(.text)
    NMI_Handler                              0x080001a5   Thumb Code     2  startup_stm32f407xx.o(.text)
    HardFault_Handler                        0x080001a7   Thumb Code     2  startup_stm32f407xx.o(.text)
    MemManage_Handler                        0x080001a9   Thumb Code     2  startup_stm32f407xx.o(.text)
    BusFault_Handler                         0x080001ab   Thumb Code     2  startup_stm32f407xx.o(.text)
    UsageFault_Handler                       0x080001ad   Thumb Code     2  startup_stm32f407xx.o(.text)
    SVC_Handler                              0x080001af   Thumb Code     2  startup_stm32f407xx.o(.text)
    DebugMon_Handler                         0x080001b1   Thumb Code     2  startup_stm32f407xx.o(.text)
    PendSV_Handler                           0x080001b3   Thumb Code     2  startup_stm32f407xx.o(.text)
    ADC_IRQHandler                           0x080001b7   Thumb Code     0  startup_stm32f407xx.o(.text)
    CAN1_RX0_IRQHandler                      0x080001b7   Thumb Code     0  startup_stm32f407xx.o(.text)
    CAN1_RX1_IRQHandler                      0x080001b7   Thumb Code     0  startup_stm32f407xx.o(.text)
    CAN1_SCE_IRQHandler                      0x080001b7   Thumb Code     0  startup_stm32f407xx.o(.text)
    CAN1_TX_IRQHandler                       0x080001b7   Thumb Code     0  startup_stm32f407xx.o(.text)
    CAN2_RX0_IRQHandler                      0x080001b7   Thumb Code     0  startup_stm32f407xx.o(.text)
    CAN2_RX1_IRQHandler                      0x080001b7   Thumb Code     0  startup_stm32f407xx.o(.text)
    CAN2_SCE_IRQHandler                      0x080001b7   Thumb Code     0  startup_stm32f407xx.o(.text)
    CAN2_TX_IRQHandler                       0x080001b7   Thumb Code     0  startup_stm32f407xx.o(.text)
    DCMI_IRQHandler                          0x080001b7   Thumb Code     0  startup_stm32f407xx.o(.text)
    DMA1_Stream0_IRQHandler                  0x080001b7   Thumb Code     0  startup_stm32f407xx.o(.text)
    DMA1_Stream1_IRQHandler                  0x080001b7   Thumb Code     0  startup_stm32f407xx.o(.text)
    DMA1_Stream2_IRQHandler                  0x080001b7   Thumb Code     0  startup_stm32f407xx.o(.text)
    DMA1_Stream4_IRQHandler                  0x080001b7   Thumb Code     0  startup_stm32f407xx.o(.text)
    DMA1_Stream5_IRQHandler                  0x080001b7   Thumb Code     0  startup_stm32f407xx.o(.text)
    DMA1_Stream6_IRQHandler                  0x080001b7   Thumb Code     0  startup_stm32f407xx.o(.text)
    DMA1_Stream7_IRQHandler                  0x080001b7   Thumb Code     0  startup_stm32f407xx.o(.text)
    DMA2_Stream0_IRQHandler                  0x080001b7   Thumb Code     0  startup_stm32f407xx.o(.text)
    DMA2_Stream1_IRQHandler                  0x080001b7   Thumb Code     0  startup_stm32f407xx.o(.text)
    DMA2_Stream3_IRQHandler                  0x080001b7   Thumb Code     0  startup_stm32f407xx.o(.text)
    DMA2_Stream4_IRQHandler                  0x080001b7   Thumb Code     0  startup_stm32f407xx.o(.text)
    DMA2_Stream5_IRQHandler                  0x080001b7   Thumb Code     0  startup_stm32f407xx.o(.text)
    DMA2_Stream6_IRQHandler                  0x080001b7   Thumb Code     0  startup_stm32f407xx.o(.text)
    DMA2_Stream7_IRQHandler                  0x080001b7   Thumb Code     0  startup_stm32f407xx.o(.text)
    ETH_IRQHandler                           0x080001b7   Thumb Code     0  startup_stm32f407xx.o(.text)
    ETH_WKUP_IRQHandler                      0x080001b7   Thumb Code     0  startup_stm32f407xx.o(.text)
    EXTI0_IRQHandler                         0x080001b7   Thumb Code     0  startup_stm32f407xx.o(.text)
    EXTI1_IRQHandler                         0x080001b7   Thumb Code     0  startup_stm32f407xx.o(.text)
    EXTI3_IRQHandler                         0x080001b7   Thumb Code     0  startup_stm32f407xx.o(.text)
    EXTI4_IRQHandler                         0x080001b7   Thumb Code     0  startup_stm32f407xx.o(.text)
    EXTI9_5_IRQHandler                       0x080001b7   Thumb Code     0  startup_stm32f407xx.o(.text)
    FLASH_IRQHandler                         0x080001b7   Thumb Code     0  startup_stm32f407xx.o(.text)
    FMC_IRQHandler                           0x080001b7   Thumb Code     0  startup_stm32f407xx.o(.text)
    FPU_IRQHandler                           0x080001b7   Thumb Code     0  startup_stm32f407xx.o(.text)
    HASH_RNG_IRQHandler                      0x080001b7   Thumb Code     0  startup_stm32f407xx.o(.text)
    I2C1_ER_IRQHandler                       0x080001b7   Thumb Code     0  startup_stm32f407xx.o(.text)
    I2C1_EV_IRQHandler                       0x080001b7   Thumb Code     0  startup_stm32f407xx.o(.text)
    I2C2_ER_IRQHandler                       0x080001b7   Thumb Code     0  startup_stm32f407xx.o(.text)
    I2C2_EV_IRQHandler                       0x080001b7   Thumb Code     0  startup_stm32f407xx.o(.text)
    I2C3_ER_IRQHandler                       0x080001b7   Thumb Code     0  startup_stm32f407xx.o(.text)
    I2C3_EV_IRQHandler                       0x080001b7   Thumb Code     0  startup_stm32f407xx.o(.text)
    OTG_HS_EP1_IN_IRQHandler                 0x080001b7   Thumb Code     0  startup_stm32f407xx.o(.text)
    OTG_HS_EP1_OUT_IRQHandler                0x080001b7   Thumb Code     0  startup_stm32f407xx.o(.text)
    OTG_HS_IRQHandler                        0x080001b7   Thumb Code     0  startup_stm32f407xx.o(.text)
    OTG_HS_WKUP_IRQHandler                   0x080001b7   Thumb Code     0  startup_stm32f407xx.o(.text)
    PVD_IRQHandler                           0x080001b7   Thumb Code     0  startup_stm32f407xx.o(.text)
    RCC_IRQHandler                           0x080001b7   Thumb Code     0  startup_stm32f407xx.o(.text)
    RTC_Alarm_IRQHandler                     0x080001b7   Thumb Code     0  startup_stm32f407xx.o(.text)
    RTC_WKUP_IRQHandler                      0x080001b7   Thumb Code     0  startup_stm32f407xx.o(.text)
    SDIO_IRQHandler                          0x080001b7   Thumb Code     0  startup_stm32f407xx.o(.text)
    SPI1_IRQHandler                          0x080001b7   Thumb Code     0  startup_stm32f407xx.o(.text)
    SPI2_IRQHandler                          0x080001b7   Thumb Code     0  startup_stm32f407xx.o(.text)
    TAMP_STAMP_IRQHandler                    0x080001b7   Thumb Code     0  startup_stm32f407xx.o(.text)
    TIM1_BRK_TIM9_IRQHandler                 0x080001b7   Thumb Code     0  startup_stm32f407xx.o(.text)
    TIM1_CC_IRQHandler                       0x080001b7   Thumb Code     0  startup_stm32f407xx.o(.text)
    TIM1_TRG_COM_TIM11_IRQHandler            0x080001b7   Thumb Code     0  startup_stm32f407xx.o(.text)
    TIM1_UP_TIM10_IRQHandler                 0x080001b7   Thumb Code     0  startup_stm32f407xx.o(.text)
    TIM3_IRQHandler                          0x080001b7   Thumb Code     0  startup_stm32f407xx.o(.text)
    TIM4_IRQHandler                          0x080001b7   Thumb Code     0  startup_stm32f407xx.o(.text)
    TIM5_IRQHandler                          0x080001b7   Thumb Code     0  startup_stm32f407xx.o(.text)
    TIM6_DAC_IRQHandler                      0x080001b7   Thumb Code     0  startup_stm32f407xx.o(.text)
    TIM7_IRQHandler                          0x080001b7   Thumb Code     0  startup_stm32f407xx.o(.text)
    TIM8_BRK_TIM12_IRQHandler                0x080001b7   Thumb Code     0  startup_stm32f407xx.o(.text)
    TIM8_CC_IRQHandler                       0x080001b7   Thumb Code     0  startup_stm32f407xx.o(.text)
    TIM8_TRG_COM_TIM14_IRQHandler            0x080001b7   Thumb Code     0  startup_stm32f407xx.o(.text)
    TIM8_UP_TIM13_IRQHandler                 0x080001b7   Thumb Code     0  startup_stm32f407xx.o(.text)
    UART4_IRQHandler                         0x080001b7   Thumb Code     0  startup_stm32f407xx.o(.text)
    UART5_IRQHandler                         0x080001b7   Thumb Code     0  startup_stm32f407xx.o(.text)
    USART1_IRQHandler                        0x080001b7   Thumb Code     0  startup_stm32f407xx.o(.text)
    USART2_IRQHandler                        0x080001b7   Thumb Code     0  startup_stm32f407xx.o(.text)
    USART3_IRQHandler                        0x080001b7   Thumb Code     0  startup_stm32f407xx.o(.text)
    USART6_IRQHandler                        0x080001b7   Thumb Code     0  startup_stm32f407xx.o(.text)
    WWDG_IRQHandler                          0x080001b7   Thumb Code     0  startup_stm32f407xx.o(.text)
    __aeabi_memset                           0x080001c1   Thumb Code    14  memseta.o(.text)
    __aeabi_memset4                          0x080001c1   Thumb Code     0  memseta.o(.text)
    __aeabi_memset8                          0x080001c1   Thumb Code     0  memseta.o(.text)
    __aeabi_memclr                           0x080001cf   Thumb Code     4  memseta.o(.text)
    __aeabi_memclr4                          0x080001cf   Thumb Code     0  memseta.o(.text)
    __aeabi_memclr8                          0x080001cf   Thumb Code     0  memseta.o(.text)
    _memset$wrapper                          0x080001d3   Thumb Code    18  memseta.o(.text)
    __scatterload                            0x080001e5   Thumb Code    28  init.o(.text)
    __scatterload_rt2                        0x080001e5   Thumb Code     0  init.o(.text)
    __decompress                             0x08000209   Thumb Code     0  __dczerorl2.o(.text)
    __decompress1                            0x08000209   Thumb Code    86  __dczerorl2.o(.text)
    DAC_Enable                               0x0800028f   Thumb Code    16  dac.o(i.DAC_Enable)
    DAC_Init                                 0x080002a1   Thumb Code   374  dac.o(i.DAC_Init)
    DMA1_Stream3_IRQHandler                  0x0800042d   Thumb Code    88  nrf.o(i.DMA1_Stream3_IRQHandler)
    DMA2_Stream2_IRQHandler                  0x08000491   Thumb Code    88  nrf.o(i.DMA2_Stream2_IRQHandler)
    EXTI15_10_IRQHandler                     0x080005c9   Thumb Code    32  nrf.o(i.EXTI15_10_IRQHandler)
    EXTI2_IRQHandler                         0x080005f5   Thumb Code    30  nrf.o(i.EXTI2_IRQHandler)
    ElectrophyData_ApplyMask                 0x08000621   Thumb Code    76  electrophydata.o(i.ElectrophyData_ApplyMask)
    ElectrophyData_Checkfill                 0x08000679   Thumb Code    66  electrophydata.o(i.ElectrophyData_Checkfill)
    ElectrophyData_Init                      0x080006c9   Thumb Code   188  electrophydata.o(i.ElectrophyData_Init)
    ElectrophyData_ReadDAC                   0x08000799   Thumb Code    62  electrophydata.o(i.ElectrophyData_ReadDAC)
    ElectrophyData_ReadUSB                   0x080007e1   Thumb Code    32  electrophydata.o(i.ElectrophyData_ReadUSB)
    ElectrophyData_WriteNrf                  0x08000809   Thumb Code   138  electrophydata.o(i.ElectrophyData_WriteNrf)
    HAL_DMA_Init                             0x08000955   Thumb Code   134  stm32f4xx_hal_dma.o(i.HAL_DMA_Init)
    HAL_Delay                                0x080009e1   Thumb Code    22  stm32f4xx_hal.o(i.HAL_Delay)
    HAL_GPIO_DeInit                          0x080009f9   Thumb Code   220  stm32f4xx_hal_gpio.o(i.HAL_GPIO_DeInit)
    HAL_GPIO_Init                            0x08000add   Thumb Code   566  stm32f4xx_hal_gpio.o(i.HAL_GPIO_Init)
    HAL_GetTick                              0x08000d29   Thumb Code     6  stm32f4xx_hal.o(i.HAL_GetTick)
    HAL_IncTick                              0x08000d35   Thumb Code    10  stm32f4xx_hal.o(i.HAL_IncTick)
    HAL_Init                                 0x08000d45   Thumb Code    48  stm32f4xx_hal.o(i.HAL_Init)
    HAL_InitTick                             0x08000d79   Thumb Code    34  stm32f4xx_hal.o(i.HAL_InitTick)
    HAL_MspInit                              0x08000d9b   Thumb Code    22  stm32f4xx_hal_msp.o(i.HAL_MspInit)
    HAL_NVIC_DisableIRQ                      0x08000db1   Thumb Code    24  stm32f4xx_hal_cortex.o(i.HAL_NVIC_DisableIRQ)
    HAL_NVIC_EnableIRQ                       0x08000dc9   Thumb Code    24  stm32f4xx_hal_cortex.o(i.HAL_NVIC_EnableIRQ)
    HAL_NVIC_SetPriority                     0x08000de1   Thumb Code    96  stm32f4xx_hal_cortex.o(i.HAL_NVIC_SetPriority)
    HAL_NVIC_SetPriorityGrouping             0x08000e45   Thumb Code    30  stm32f4xx_hal_cortex.o(i.HAL_NVIC_SetPriorityGrouping)
    HAL_PCDEx_SetRxFiFo                      0x08000e69   Thumb Code     8  stm32f4xx_hal_pcd_ex.o(i.HAL_PCDEx_SetRxFiFo)
    HAL_PCDEx_SetTxFiFo                      0x08000e71   Thumb Code    78  stm32f4xx_hal_pcd_ex.o(i.HAL_PCDEx_SetTxFiFo)
    HAL_PCD_ConnectCallback                  0x08000ebf   Thumb Code     8  usbd_conf.o(i.HAL_PCD_ConnectCallback)
    HAL_PCD_DataInStageCallback              0x08000ec7   Thumb Code    18  usbd_conf.o(i.HAL_PCD_DataInStageCallback)
    HAL_PCD_DataOutStageCallback             0x08000ed9   Thumb Code    20  usbd_conf.o(i.HAL_PCD_DataOutStageCallback)
    HAL_PCD_DisconnectCallback               0x08000eed   Thumb Code     8  usbd_conf.o(i.HAL_PCD_DisconnectCallback)
    HAL_PCD_EP_Close                         0x08000ef5   Thumb Code    70  stm32f4xx_hal_pcd.o(i.HAL_PCD_EP_Close)
    HAL_PCD_EP_ClrStall                      0x08000f3b   Thumb Code    78  stm32f4xx_hal_pcd.o(i.HAL_PCD_EP_ClrStall)
    HAL_PCD_EP_Open                          0x08000f89   Thumb Code    88  stm32f4xx_hal_pcd.o(i.HAL_PCD_EP_Open)
    HAL_PCD_EP_Receive                       0x08000fe1   Thumb Code    94  stm32f4xx_hal_pcd.o(i.HAL_PCD_EP_Receive)
    HAL_PCD_EP_SetStall                      0x0800103f   Thumb Code    94  stm32f4xx_hal_pcd.o(i.HAL_PCD_EP_SetStall)
    HAL_PCD_EP_Transmit                      0x0800109d   Thumb Code    90  stm32f4xx_hal_pcd.o(i.HAL_PCD_EP_Transmit)
    HAL_PCD_IRQHandler                       0x080010f9   Thumb Code  1258  stm32f4xx_hal_pcd.o(i.HAL_PCD_IRQHandler)
    HAL_PCD_ISOINIncompleteCallback          0x080015e3   Thumb Code     8  usbd_conf.o(i.HAL_PCD_ISOINIncompleteCallback)
    HAL_PCD_ISOOUTIncompleteCallback         0x080015eb   Thumb Code     8  usbd_conf.o(i.HAL_PCD_ISOOUTIncompleteCallback)
    HAL_PCD_Init                             0x080015f3   Thumb Code   200  stm32f4xx_hal_pcd.o(i.HAL_PCD_Init)
    HAL_PCD_MspInit                          0x080016bd   Thumb Code   136  usbd_conf.o(i.HAL_PCD_MspInit)
    HAL_PCD_ResetCallback                    0x08001755   Thumb Code    34  usbd_conf.o(i.HAL_PCD_ResetCallback)
    HAL_PCD_ResumeCallback                   0x08001777   Thumb Code     8  usbd_conf.o(i.HAL_PCD_ResumeCallback)
    HAL_PCD_SOFCallback                      0x0800177f   Thumb Code     8  usbd_conf.o(i.HAL_PCD_SOFCallback)
    HAL_PCD_SetAddress                       0x08001787   Thumb Code    36  stm32f4xx_hal_pcd.o(i.HAL_PCD_SetAddress)
    HAL_PCD_SetupStageCallback               0x080017ab   Thumb Code    14  usbd_conf.o(i.HAL_PCD_SetupStageCallback)
    HAL_PCD_Start                            0x080017b9   Thumb Code    42  stm32f4xx_hal_pcd.o(i.HAL_PCD_Start)
    HAL_PCD_Stop                             0x080017e3   Thumb Code    48  stm32f4xx_hal_pcd.o(i.HAL_PCD_Stop)
    HAL_PCD_SuspendCallback                  0x08001813   Thumb Code     8  usbd_conf.o(i.HAL_PCD_SuspendCallback)
    HAL_RCC_ClockConfig                      0x0800181d   Thumb Code   498  stm32f4xx_hal_rcc.o(i.HAL_RCC_ClockConfig)
    HAL_RCC_GetHCLKFreq                      0x08001a1d   Thumb Code   172  stm32f4xx_hal_rcc.o(i.HAL_RCC_GetHCLKFreq)
    HAL_RCC_OscConfig                        0x08001add   Thumb Code   922  stm32f4xx_hal_rcc.o(i.HAL_RCC_OscConfig)
    HAL_SPI_Init                             0x08001ea1   Thumb Code   132  stm32f4xx_hal_spi.o(i.HAL_SPI_Init)
    HAL_SPI_MspInit                          0x08001f25   Thumb Code     2  stm32f4xx_hal_spi.o(i.HAL_SPI_MspInit)
    HAL_SYSTICK_Callback                     0x08001f27   Thumb Code     2  stm32f4xx_hal_cortex.o(i.HAL_SYSTICK_Callback)
    HAL_SYSTICK_Config                       0x08001f29   Thumb Code    38  stm32f4xx_hal_cortex.o(i.HAL_SYSTICK_Config)
    HAL_SYSTICK_IRQHandler                   0x08001f55   Thumb Code     8  stm32f4xx_hal_cortex.o(i.HAL_SYSTICK_IRQHandler)
    HAL_TIM_Base_Init                        0x08001f5d   Thumb Code    50  stm32f4xx_hal_tim.o(i.HAL_TIM_Base_Init)
    HAL_TIM_Base_MspInit                     0x08001f8f   Thumb Code     2  stm32f4xx_hal_tim.o(i.HAL_TIM_Base_MspInit)
    MX_USB_DEVICE_Enable                     0x08001f91   Thumb Code    14  usb_device.o(i.MX_USB_DEVICE_Enable)
    MX_USB_DEVICE_Init                       0x08001fa5   Thumb Code    32  usb_device.o(i.MX_USB_DEVICE_Init)
    NRF_Init                                 0x08001fd5   Thumb Code   554  nrf.o(i.NRF_Init)
    OTG_FS_IRQHandler                        0x0800220d   Thumb Code     6  stm32f4xx_it.o(i.OTG_FS_IRQHandler)
    OTG_FS_WKUP_IRQHandler                   0x08002219   Thumb Code     6  stm32f4xx_it.o(i.OTG_FS_WKUP_IRQHandler)
    SPI3_IRQHandler                          0x080022e9   Thumb Code   130  dac.o(i.SPI3_IRQHandler)
    SysTick_Handler                          0x080023e9   Thumb Code    14  stm32f4xx_it.o(i.SysTick_Handler)
    SystemInit                               0x080023f9   Thumb Code    64  system_stm32f4xx.o(i.SystemInit)
    TIM2_IRQHandler                          0x08002451   Thumb Code   142  dac.o(i.TIM2_IRQHandler)
    TIM_Base_SetConfig                       0x080024f1   Thumb Code   172  stm32f4xx_hal_tim.o(i.TIM_Base_SetConfig)
    USBD_AUDIO_RegisterInterface             0x080027e1   Thumb Code    12  usbd_audio.o(i.USBD_AUDIO_RegisterInterface)
    USBD_ClrClassConfig                      0x080028a1   Thumb Code    14  usbd_core.o(i.USBD_ClrClassConfig)
    USBD_CtlContinueRx                       0x080028af   Thumb Code    16  usbd_ioreq.o(i.USBD_CtlContinueRx)
    USBD_CtlContinueSendData                 0x080028bf   Thumb Code    16  usbd_ioreq.o(i.USBD_CtlContinueSendData)
    USBD_CtlError                            0x080028cf   Thumb Code    22  usbd_ctlreq.o(i.USBD_CtlError)
    USBD_CtlPrepareRx                        0x080028e5   Thumb Code    30  usbd_ioreq.o(i.USBD_CtlPrepareRx)
    USBD_CtlReceiveStatus                    0x08002903   Thumb Code    22  usbd_ioreq.o(i.USBD_CtlReceiveStatus)
    USBD_CtlSendData                         0x08002919   Thumb Code    26  usbd_ioreq.o(i.USBD_CtlSendData)
    USBD_CtlSendStatus                       0x08002933   Thumb Code    22  usbd_ioreq.o(i.USBD_CtlSendStatus)
    USBD_FS_ConfigStrDescriptor              0x08002949   Thumb Code    16  usbd_desc.o(i.USBD_FS_ConfigStrDescriptor)
    USBD_FS_DeviceDescriptor                 0x0800296d   Thumb Code     8  usbd_desc.o(i.USBD_FS_DeviceDescriptor)
    USBD_FS_InterfaceStrDescriptor           0x08002979   Thumb Code    16  usbd_desc.o(i.USBD_FS_InterfaceStrDescriptor)
    USBD_FS_LangIDStrDescriptor              0x0800299d   Thumb Code     8  usbd_desc.o(i.USBD_FS_LangIDStrDescriptor)
    USBD_FS_ManufacturerStrDescriptor        0x080029a9   Thumb Code    16  usbd_desc.o(i.USBD_FS_ManufacturerStrDescriptor)
    USBD_FS_ProductStrDescriptor             0x080029d1   Thumb Code    16  usbd_desc.o(i.USBD_FS_ProductStrDescriptor)
    USBD_FS_SerialStrDescriptor              0x080029f9   Thumb Code    16  usbd_desc.o(i.USBD_FS_SerialStrDescriptor)
    USBD_GetString                           0x08002a1d   Thumb Code   104  usbd_ctlreq.o(i.USBD_GetString)
    USBD_Init                                0x08002a85   Thumb Code    48  usbd_core.o(i.USBD_Init)
    USBD_LL_ClearStallEP                     0x08002ab5   Thumb Code    14  usbd_conf.o(i.USBD_LL_ClearStallEP)
    USBD_LL_CloseEP                          0x08002ac3   Thumb Code    14  usbd_conf.o(i.USBD_LL_CloseEP)
    USBD_LL_DataInStage                      0x08002ad1   Thumb Code   152  usbd_core.o(i.USBD_LL_DataInStage)
    USBD_LL_DataOutStage                     0x08002b69   Thumb Code   106  usbd_core.o(i.USBD_LL_DataOutStage)
    USBD_LL_DevConnected                     0x08002bd3   Thumb Code     4  usbd_core.o(i.USBD_LL_DevConnected)
    USBD_LL_DevDisconnected                  0x08002bd7   Thumb Code    22  usbd_core.o(i.USBD_LL_DevDisconnected)
    USBD_LL_Init                             0x08002bed   Thumb Code    90  usbd_conf.o(i.USBD_LL_Init)
    USBD_LL_IsStallEP                        0x08002c4d   Thumb Code    32  usbd_conf.o(i.USBD_LL_IsStallEP)
    USBD_LL_IsoINIncomplete                  0x08002c6d   Thumb Code     4  usbd_core.o(i.USBD_LL_IsoINIncomplete)
    USBD_LL_IsoOUTIncomplete                 0x08002c71   Thumb Code     4  usbd_core.o(i.USBD_LL_IsoOUTIncomplete)
    USBD_LL_OpenEP                           0x08002c75   Thumb Code    20  usbd_conf.o(i.USBD_LL_OpenEP)
    USBD_LL_PrepareReceive                   0x08002c89   Thumb Code    14  usbd_conf.o(i.USBD_LL_PrepareReceive)
    USBD_LL_Reset                            0x08002c97   Thumb Code    62  usbd_core.o(i.USBD_LL_Reset)
    USBD_LL_Resume                           0x08002cd5   Thumb Code    12  usbd_core.o(i.USBD_LL_Resume)
    USBD_LL_SOF                              0x08002ce1   Thumb Code    26  usbd_core.o(i.USBD_LL_SOF)
    USBD_LL_SetSpeed                         0x08002cfb   Thumb Code     6  usbd_core.o(i.USBD_LL_SetSpeed)
    USBD_LL_SetUSBAddress                    0x08002d01   Thumb Code    14  usbd_conf.o(i.USBD_LL_SetUSBAddress)
    USBD_LL_SetupStage                       0x08002d0f   Thumb Code    94  usbd_core.o(i.USBD_LL_SetupStage)
    USBD_LL_StallEP                          0x08002d6d   Thumb Code    14  usbd_conf.o(i.USBD_LL_StallEP)
    USBD_LL_Start                            0x08002d7b   Thumb Code    14  usbd_conf.o(i.USBD_LL_Start)
    USBD_LL_Stop                             0x08002d89   Thumb Code    14  usbd_conf.o(i.USBD_LL_Stop)
    USBD_LL_Suspend                          0x08002d97   Thumb Code    18  usbd_core.o(i.USBD_LL_Suspend)
    USBD_LL_Transmit                         0x08002da9   Thumb Code    14  usbd_conf.o(i.USBD_LL_Transmit)
    USBD_ParseSetupRequest                   0x08002db7   Thumb Code    40  usbd_ctlreq.o(i.USBD_ParseSetupRequest)
    USBD_RegisterClass                       0x08002ddf   Thumb Code    16  usbd_core.o(i.USBD_RegisterClass)
    USBD_SetClassConfig                      0x08002def   Thumb Code    24  usbd_core.o(i.USBD_SetClassConfig)
    USBD_Start                               0x08002e07   Thumb Code    10  usbd_core.o(i.USBD_Start)
    USBD_StdDevReq                           0x08002e11   Thumb Code   650  usbd_ctlreq.o(i.USBD_StdDevReq)
    USBD_StdEPReq                            0x080030a1   Thumb Code   238  usbd_ctlreq.o(i.USBD_StdEPReq)
    USBD_StdItfReq                           0x0800318f   Thumb Code    64  usbd_ctlreq.o(i.USBD_StdItfReq)
    USBD_Stop                                0x080031cf   Thumb Code    26  usbd_core.o(i.USBD_Stop)
    USB_ActivateEndpoint                     0x080031e9   Thumb Code   140  stm32f4xx_ll_usb.o(i.USB_ActivateEndpoint)
    USB_ActivateSetup                        0x08003279   Thumb Code    52  stm32f4xx_ll_usb.o(i.USB_ActivateSetup)
    USB_CoreInit                             0x080032ad   Thumb Code   184  stm32f4xx_ll_usb.o(i.USB_CoreInit)
    USB_DeactivateEndpoint                   0x08003369   Thumb Code   124  stm32f4xx_ll_usb.o(i.USB_DeactivateEndpoint)
    USB_DevConnect                           0x080033e5   Thumb Code    24  stm32f4xx_ll_usb.o(i.USB_DevConnect)
    USB_DevDisconnect                        0x080033fd   Thumb Code    24  stm32f4xx_ll_usb.o(i.USB_DevDisconnect)
    USB_DevInit                              0x08003415   Thumb Code   360  stm32f4xx_ll_usb.o(i.USB_DevInit)
    USB_DisableGlobalInt                     0x08003589   Thumb Code    12  stm32f4xx_ll_usb.o(i.USB_DisableGlobalInt)
    USB_EP0StartXfer                         0x08003595   Thumb Code   344  stm32f4xx_ll_usb.o(i.USB_EP0StartXfer)
    USB_EP0_OutStart                         0x080036ed   Thumb Code    62  stm32f4xx_ll_usb.o(i.USB_EP0_OutStart)
    USB_EPClearStall                         0x0800372b   Thumb Code   100  stm32f4xx_ll_usb.o(i.USB_EPClearStall)
    USB_EPSetStall                           0x0800378f   Thumb Code   100  stm32f4xx_ll_usb.o(i.USB_EPSetStall)
    USB_EPStartXfer                          0x080037f5   Thumb Code   628  stm32f4xx_ll_usb.o(i.USB_EPStartXfer)
    USB_EnableGlobalInt                      0x08003a69   Thumb Code    12  stm32f4xx_ll_usb.o(i.USB_EnableGlobalInt)
    USB_FlushTxFifo                          0x08003a75   Thumb Code    34  stm32f4xx_ll_usb.o(i.USB_FlushTxFifo)
    USB_GetDevSpeed                          0x08003a9d   Thumb Code    58  stm32f4xx_ll_usb.o(i.USB_GetDevSpeed)
    USB_GetMode                              0x08003ad7   Thumb Code     8  stm32f4xx_ll_usb.o(i.USB_GetMode)
    USB_ReadDevAllInEpInterrupt              0x08003adf   Thumb Code    14  stm32f4xx_ll_usb.o(i.USB_ReadDevAllInEpInterrupt)
    USB_ReadDevAllOutEpInterrupt             0x08003aed   Thumb Code    14  stm32f4xx_ll_usb.o(i.USB_ReadDevAllOutEpInterrupt)
    USB_ReadDevInEPInterrupt                 0x08003afb   Thumb Code    30  stm32f4xx_ll_usb.o(i.USB_ReadDevInEPInterrupt)
    USB_ReadDevOutEPInterrupt                0x08003b19   Thumb Code    16  stm32f4xx_ll_usb.o(i.USB_ReadDevOutEPInterrupt)
    USB_ReadInterrupts                       0x08003b29   Thumb Code     8  stm32f4xx_ll_usb.o(i.USB_ReadInterrupts)
    USB_ReadPacket                           0x08003b31   Thumb Code    58  stm32f4xx_ll_usb.o(i.USB_ReadPacket)
    USB_SetCurrentMode                       0x08003b6b   Thumb Code    46  stm32f4xx_ll_usb.o(i.USB_SetCurrentMode)
    USB_SetDevAddress                        0x08003b99   Thumb Code    34  stm32f4xx_ll_usb.o(i.USB_SetDevAddress)
    USB_StopDevice                           0x08003bbd   Thumb Code   196  stm32f4xx_ll_usb.o(i.USB_StopDevice)
    USB_WritePacket                          0x08003c85   Thumb Code    66  stm32f4xx_ll_usb.o(i.USB_WritePacket)
    __scatterload_copy                       0x08003cc7   Thumb Code    14  handlers.o(i.__scatterload_copy)
    __scatterload_null                       0x08003cd5   Thumb Code     2  handlers.o(i.__scatterload_null)
    __scatterload_zeroinit                   0x08003cd7   Thumb Code    14  handlers.o(i.__scatterload_zeroinit)
    free                                     0x08003ce5   Thumb Code    76  malloc.o(i.free)
    main                                     0x08003d35   Thumb Code   226  main.o(i.main)
    malloc                                   0x08003e29   Thumb Code    92  malloc.o(i.malloc)
    nrf1                                     0x08003e94   Data          76  nrf.o(.constdata)
    nrf2                                     0x08003ee0   Data          76  nrf.o(.constdata)
    dac1                                     0x08003f2c   Data          28  dac.o(.constdata)
    APBAHBPrescTable                         0x08003f48   Data          16  stm32f4xx_hal_rcc.o(.constdata)
    Region$$Table$$Base                      0x08003f58   Number         0  anon$$obj.o(Region$$Table)
    Region$$Table$$Limit                     0x08003f78   Number         0  anon$$obj.o(Region$$Table)
    USBD_AUDIO                               0x20000004   Data          56  usbd_audio.o(.data)
    FS_Desc                                  0x200000ac   Data          28  usbd_desc.o(.data)
    USBD_LangIDDesc                          0x200000c8   Data           4  usbd_desc.o(.data)
    USBD_FS_DeviceDesc                       0x200000cc   Data          18  usbd_desc.o(.data)
    USBD_AUDIO_fops_FS                       0x200000e0   Data          28  usbd_audio_if.o(.data)
    hUsbDevice_0                             0x200000fc   Data           4  usbd_audio_if.o(.data)
    Output_device                            0x20000151   Data           1  electrophydata.o(.data)
    time                                     0x20000152   Data           2  electrophydata.o(.data)
    freq                                     0x20000154   Data           2  electrophydata.o(.data)
    SystemCoreClock                          0x20000164   Data           4  system_stm32f4xx.o(.data)
    AHBPrescTable                            0x20000168   Data          16  system_stm32f4xx.o(.data)
    __microlib_freelist                      0x20000178   Data           4  mvars.o(.data)
    __microlib_freelist_initialised          0x2000017c   Data           4  mvars.o(.data)
    USBD_StrDesc                             0x200002e0   Data         512  usbd_desc.o(.bss)
    hpcd_USB_OTG_FS                          0x200004e0   Data         944  usbd_conf.o(.bss)
    hUsbDeviceFS                             0x20000890   Data         548  usb_device.o(.bss)
    ChannelMask                              0x20000d10   Data          64  electrophydata.o(.bss)
    DataTest                                 0x20010766   Data         256  electrophydata.o(.bss)
    __heap_base                              0x20010868   Data           0  startup_stm32f407xx.o(HEAP)
    __heap_limit                             0x20014868   Data           0  startup_stm32f407xx.o(HEAP)
    __initial_sp                             0x20015868   Data           0  startup_stm32f407xx.o(STACK)



==============================================================================

Memory Map of the image

  Image Entry point : 0x08000189

  Load Region LR_IROM1 (Base: 0x08000000, Size: 0x000040f8, Max: 0x00100000, ABSOLUTE, COMPRESSED[0x0000407c])

    Execution Region ER_IROM1 (Base: 0x08000000, Size: 0x00003f78, Max: 0x00100000, ABSOLUTE)

    Base Addr    Size         Type   Attr      Idx    E Section Name        Object

    0x08000000   0x00000188   Data   RO            3    RESET               startup_stm32f407xx.o
    0x08000188   0x00000000   Code   RO         3522  * .ARM.Collect$$$$00000000  mc_w.l(entry.o)
    0x08000188   0x00000004   Code   RO         3555    .ARM.Collect$$$$00000001  mc_w.l(entry2.o)
    0x0800018c   0x00000004   Code   RO         3558    .ARM.Collect$$$$00000004  mc_w.l(entry5.o)
    0x08000190   0x00000000   Code   RO         3560    .ARM.Collect$$$$00000008  mc_w.l(entry7b.o)
    0x08000190   0x00000000   Code   RO         3562    .ARM.Collect$$$$0000000A  mc_w.l(entry8b.o)
    0x08000190   0x00000008   Code   RO         3563    .ARM.Collect$$$$0000000B  mc_w.l(entry9a.o)
    0x08000198   0x00000000   Code   RO         3565    .ARM.Collect$$$$0000000D  mc_w.l(entry10a.o)
    0x08000198   0x00000000   Code   RO         3567    .ARM.Collect$$$$0000000F  mc_w.l(entry11a.o)
    0x08000198   0x00000004   Code   RO         3556    .ARM.Collect$$$$00002712  mc_w.l(entry2.o)
    0x0800019c   0x00000024   Code   RO            4    .text               startup_stm32f407xx.o
    0x080001c0   0x00000024   Code   RO         3525    .text               mc_w.l(memseta.o)
    0x080001e4   0x00000024   Code   RO         3575    .text               mc_w.l(init.o)
    0x08000208   0x00000056   Code   RO         3585    .text               mc_w.l(__dczerorl2.o)
    0x0800025e   0x00000004   Code   RO          819    i.AUDIO_AudioCmd_FS  usbd_audio_if.o
    0x08000262   0x00000004   Code   RO          820    i.AUDIO_DeInit_FS   usbd_audio_if.o
    0x08000266   0x00000004   Code   RO          821    i.AUDIO_GetState_FS  usbd_audio_if.o
    0x0800026a   0x00000002   PAD
    0x0800026c   0x00000014   Code   RO          822    i.AUDIO_Init_FS     usbd_audio_if.o
    0x08000280   0x00000006   Code   RO          823    i.AUDIO_MuteCtl_FS  usbd_audio_if.o
    0x08000286   0x00000004   Code   RO          824    i.AUDIO_PeriodicTC_FS  usbd_audio_if.o
    0x0800028a   0x00000004   Code   RO          825    i.AUDIO_VolumeCtl_FS  usbd_audio_if.o
    0x0800028e   0x00000010   Code   RO         1011    i.DAC_Enable        dac.o
    0x0800029e   0x00000002   PAD
    0x080002a0   0x0000018c   Code   RO         1012    i.DAC_Init          dac.o
    0x0800042c   0x00000064   Code   RO          929    i.DMA1_Stream3_IRQHandler  nrf.o
    0x08000490   0x00000064   Code   RO          930    i.DMA2_Stream2_IRQHandler  nrf.o
    0x080004f4   0x000000d4   Code   RO          931    i.DmaInit           nrf.o
    0x080005c8   0x0000002c   Code   RO          932    i.EXTI15_10_IRQHandler  nrf.o
    0x080005f4   0x0000002c   Code   RO          933    i.EXTI2_IRQHandler  nrf.o
    0x08000620   0x00000058   Code   RO         1054    i.ElectrophyData_ApplyMask  electrophydata.o
    0x08000678   0x00000050   Code   RO         1055    i.ElectrophyData_Checkfill  electrophydata.o
    0x080006c8   0x000000d0   Code   RO         1056    i.ElectrophyData_Init  electrophydata.o
    0x08000798   0x00000048   Code   RO         1057    i.ElectrophyData_ReadDAC  electrophydata.o
    0x080007e0   0x00000028   Code   RO         1058    i.ElectrophyData_ReadUSB  electrophydata.o
    0x08000808   0x000000a0   Code   RO         1061    i.ElectrophyData_WriteNrf  electrophydata.o
    0x080008a8   0x000000ac   Code   RO          934    i.ExtiHandler       nrf.o
    0x08000954   0x0000008c   Code   RO         1144    i.HAL_DMA_Init      stm32f4xx_hal_dma.o
    0x080009e0   0x00000016   Code   RO         1567    i.HAL_Delay         stm32f4xx_hal.o
    0x080009f6   0x00000002   PAD
    0x080009f8   0x000000e4   Code   RO         1239    i.HAL_GPIO_DeInit   stm32f4xx_hal_gpio.o
    0x08000adc   0x0000024c   Code   RO         1242    i.HAL_GPIO_Init     stm32f4xx_hal_gpio.o
    0x08000d28   0x0000000c   Code   RO         1579    i.HAL_GetTick       stm32f4xx_hal.o
    0x08000d34   0x00000010   Code   RO         1580    i.HAL_IncTick       stm32f4xx_hal.o
    0x08000d44   0x00000034   Code   RO         1581    i.HAL_Init          stm32f4xx_hal.o
    0x08000d78   0x00000022   Code   RO         1582    i.HAL_InitTick      stm32f4xx_hal.o
    0x08000d9a   0x00000016   Code   RO          759    i.HAL_MspInit       stm32f4xx_hal_msp.o
    0x08000db0   0x00000018   Code   RO         2326    i.HAL_NVIC_DisableIRQ  stm32f4xx_hal_cortex.o
    0x08000dc8   0x00000018   Code   RO         2327    i.HAL_NVIC_EnableIRQ  stm32f4xx_hal_cortex.o
    0x08000de0   0x00000064   Code   RO         2333    i.HAL_NVIC_SetPriority  stm32f4xx_hal_cortex.o
    0x08000e44   0x00000024   Code   RO         2334    i.HAL_NVIC_SetPriorityGrouping  stm32f4xx_hal_cortex.o
    0x08000e68   0x00000008   Code   RO         2433    i.HAL_PCDEx_SetRxFiFo  stm32f4xx_hal_pcd_ex.o
    0x08000e70   0x0000004e   Code   RO         2434    i.HAL_PCDEx_SetTxFiFo  stm32f4xx_hal_pcd_ex.o
    0x08000ebe   0x00000008   Code   RO          574    i.HAL_PCD_ConnectCallback  usbd_conf.o
    0x08000ec6   0x00000012   Code   RO          575    i.HAL_PCD_DataInStageCallback  usbd_conf.o
    0x08000ed8   0x00000014   Code   RO          576    i.HAL_PCD_DataOutStageCallback  usbd_conf.o
    0x08000eec   0x00000008   Code   RO          577    i.HAL_PCD_DisconnectCallback  usbd_conf.o
    0x08000ef4   0x00000046   Code   RO         1717    i.HAL_PCD_EP_Close  stm32f4xx_hal_pcd.o
    0x08000f3a   0x0000004e   Code   RO         1718    i.HAL_PCD_EP_ClrStall  stm32f4xx_hal_pcd.o
    0x08000f88   0x00000058   Code   RO         1721    i.HAL_PCD_EP_Open   stm32f4xx_hal_pcd.o
    0x08000fe0   0x0000005e   Code   RO         1722    i.HAL_PCD_EP_Receive  stm32f4xx_hal_pcd.o
    0x0800103e   0x0000005e   Code   RO         1723    i.HAL_PCD_EP_SetStall  stm32f4xx_hal_pcd.o
    0x0800109c   0x0000005a   Code   RO         1724    i.HAL_PCD_EP_Transmit  stm32f4xx_hal_pcd.o
    0x080010f6   0x00000002   PAD
    0x080010f8   0x000004ea   Code   RO         1726    i.HAL_PCD_IRQHandler  stm32f4xx_hal_pcd.o
    0x080015e2   0x00000008   Code   RO          578    i.HAL_PCD_ISOINIncompleteCallback  usbd_conf.o
    0x080015ea   0x00000008   Code   RO          579    i.HAL_PCD_ISOOUTIncompleteCallback  usbd_conf.o
    0x080015f2   0x000000c8   Code   RO         1729    i.HAL_PCD_Init      stm32f4xx_hal_pcd.o
    0x080016ba   0x00000002   PAD
    0x080016bc   0x00000098   Code   RO          581    i.HAL_PCD_MspInit   usbd_conf.o
    0x08001754   0x00000022   Code   RO          582    i.HAL_PCD_ResetCallback  usbd_conf.o
    0x08001776   0x00000008   Code   RO          583    i.HAL_PCD_ResumeCallback  usbd_conf.o
    0x0800177e   0x00000008   Code   RO          584    i.HAL_PCD_SOFCallback  usbd_conf.o
    0x08001786   0x00000024   Code   RO         1735    i.HAL_PCD_SetAddress  stm32f4xx_hal_pcd.o
    0x080017aa   0x0000000e   Code   RO          585    i.HAL_PCD_SetupStageCallback  usbd_conf.o
    0x080017b8   0x0000002a   Code   RO         1737    i.HAL_PCD_Start     stm32f4xx_hal_pcd.o
    0x080017e2   0x00000030   Code   RO         1738    i.HAL_PCD_Stop      stm32f4xx_hal_pcd.o
    0x08001812   0x00000008   Code   RO          586    i.HAL_PCD_SuspendCallback  usbd_conf.o
    0x0800181a   0x00000002   PAD
    0x0800181c   0x00000200   Code   RO         1915    i.HAL_RCC_ClockConfig  stm32f4xx_hal_rcc.o
    0x08001a1c   0x000000c0   Code   RO         1920    i.HAL_RCC_GetHCLKFreq  stm32f4xx_hal_rcc.o
    0x08001adc   0x000003c4   Code   RO         1927    i.HAL_RCC_OscConfig  stm32f4xx_hal_rcc.o
    0x08001ea0   0x00000084   Code   RO         2467    i.HAL_SPI_Init      stm32f4xx_hal_spi.o
    0x08001f24   0x00000002   Code   RO         2469    i.HAL_SPI_MspInit   stm32f4xx_hal_spi.o
    0x08001f26   0x00000002   Code   RO         2337    i.HAL_SYSTICK_Callback  stm32f4xx_hal_cortex.o
    0x08001f28   0x0000002c   Code   RO         2338    i.HAL_SYSTICK_Config  stm32f4xx_hal_cortex.o
    0x08001f54   0x00000008   Code   RO         2339    i.HAL_SYSTICK_IRQHandler  stm32f4xx_hal_cortex.o
    0x08001f5c   0x00000032   Code   RO         2690    i.HAL_TIM_Base_Init  stm32f4xx_hal_tim.o
    0x08001f8e   0x00000002   Code   RO         2692    i.HAL_TIM_Base_MspInit  stm32f4xx_hal_tim.o
    0x08001f90   0x00000014   Code   RO          779    i.MX_USB_DEVICE_Enable  usb_device.o
    0x08001fa4   0x00000030   Code   RO          780    i.MX_USB_DEVICE_Init  usb_device.o
    0x08001fd4   0x00000238   Code   RO          935    i.NRF_Init          nrf.o
    0x0800220c   0x0000000c   Code   RO          474    i.OTG_FS_IRQHandler  stm32f4xx_it.o
    0x08002218   0x0000000c   Code   RO          475    i.OTG_FS_WKUP_IRQHandler  stm32f4xx_it.o
    0x08002224   0x000000c4   Code   RO          937    i.RegisterInit      nrf.o
    0x080022e8   0x0000008c   Code   RO         1013    i.SPI3_IRQHandler   dac.o
    0x08002374   0x00000074   Code   RO          938    i.SpiSend           nrf.o
    0x080023e8   0x0000000e   Code   RO          476    i.SysTick_Handler   stm32f4xx_it.o
    0x080023f6   0x00000002   PAD
    0x080023f8   0x00000058   Code   RO         3493    i.SystemInit        system_stm32f4xx.o
    0x08002450   0x000000a0   Code   RO         1014    i.TIM2_IRQHandler   dac.o
    0x080024f0   0x000000c0   Code   RO         2776    i.TIM_Base_SetConfig  stm32f4xx_hal_tim.o
    0x080025b0   0x00000022   Code   RO          234    i.USBD_AUDIO_DataIn  usbd_audio.o
    0x080025d2   0x00000074   Code   RO          235    i.USBD_AUDIO_DataOut  usbd_audio.o
    0x08002646   0x0000002c   Code   RO          236    i.USBD_AUDIO_DeInit  usbd_audio.o
    0x08002672   0x00000036   Code   RO          237    i.USBD_AUDIO_EP0_RxReady  usbd_audio.o
    0x080026a8   0x00000004   Code   RO          238    i.USBD_AUDIO_EP0_TxReady  usbd_audio.o
    0x080026ac   0x0000000c   Code   RO          239    i.USBD_AUDIO_GetCfgDesc  usbd_audio.o
    0x080026b8   0x0000000c   Code   RO          240    i.USBD_AUDIO_GetDeviceQualifierDesc  usbd_audio.o
    0x080026c4   0x00000114   Code   RO          241    i.USBD_AUDIO_Init   usbd_audio.o
    0x080027d8   0x00000004   Code   RO          242    i.USBD_AUDIO_IsoINIncomplete  usbd_audio.o
    0x080027dc   0x00000004   Code   RO          243    i.USBD_AUDIO_IsoOutIncomplete  usbd_audio.o
    0x080027e0   0x0000000c   Code   RO          244    i.USBD_AUDIO_RegisterInterface  usbd_audio.o
    0x080027ec   0x00000004   Code   RO          245    i.USBD_AUDIO_SOF    usbd_audio.o
    0x080027f0   0x000000b0   Code   RO          246    i.USBD_AUDIO_Setup  usbd_audio.o
    0x080028a0   0x0000000e   Code   RO          340    i.USBD_ClrClassConfig  usbd_core.o
    0x080028ae   0x00000010   Code   RO           12    i.USBD_CtlContinueRx  usbd_ioreq.o
    0x080028be   0x00000010   Code   RO           13    i.USBD_CtlContinueSendData  usbd_ioreq.o
    0x080028ce   0x00000016   Code   RO          183    i.USBD_CtlError     usbd_ctlreq.o
    0x080028e4   0x0000001e   Code   RO           14    i.USBD_CtlPrepareRx  usbd_ioreq.o
    0x08002902   0x00000016   Code   RO           15    i.USBD_CtlReceiveStatus  usbd_ioreq.o
    0x08002918   0x0000001a   Code   RO           16    i.USBD_CtlSendData  usbd_ioreq.o
    0x08002932   0x00000016   Code   RO           17    i.USBD_CtlSendStatus  usbd_ioreq.o
    0x08002948   0x00000024   Code   RO          510    i.USBD_FS_ConfigStrDescriptor  usbd_desc.o
    0x0800296c   0x0000000c   Code   RO          511    i.USBD_FS_DeviceDescriptor  usbd_desc.o
    0x08002978   0x00000024   Code   RO          512    i.USBD_FS_InterfaceStrDescriptor  usbd_desc.o
    0x0800299c   0x0000000c   Code   RO          513    i.USBD_FS_LangIDStrDescriptor  usbd_desc.o
    0x080029a8   0x00000028   Code   RO          514    i.USBD_FS_ManufacturerStrDescriptor  usbd_desc.o
    0x080029d0   0x00000028   Code   RO          515    i.USBD_FS_ProductStrDescriptor  usbd_desc.o
    0x080029f8   0x00000024   Code   RO          516    i.USBD_FS_SerialStrDescriptor  usbd_desc.o
    0x08002a1c   0x00000068   Code   RO          184    i.USBD_GetString    usbd_ctlreq.o
    0x08002a84   0x00000030   Code   RO          342    i.USBD_Init         usbd_core.o
    0x08002ab4   0x0000000e   Code   RO          587    i.USBD_LL_ClearStallEP  usbd_conf.o
    0x08002ac2   0x0000000e   Code   RO          588    i.USBD_LL_CloseEP   usbd_conf.o
    0x08002ad0   0x00000098   Code   RO          343    i.USBD_LL_DataInStage  usbd_core.o
    0x08002b68   0x0000006a   Code   RO          344    i.USBD_LL_DataOutStage  usbd_core.o
    0x08002bd2   0x00000004   Code   RO          345    i.USBD_LL_DevConnected  usbd_core.o
    0x08002bd6   0x00000016   Code   RO          346    i.USBD_LL_DevDisconnected  usbd_core.o
    0x08002bec   0x00000060   Code   RO          593    i.USBD_LL_Init      usbd_conf.o
    0x08002c4c   0x00000020   Code   RO          594    i.USBD_LL_IsStallEP  usbd_conf.o
    0x08002c6c   0x00000004   Code   RO          347    i.USBD_LL_IsoINIncomplete  usbd_core.o
    0x08002c70   0x00000004   Code   RO          348    i.USBD_LL_IsoOUTIncomplete  usbd_core.o
    0x08002c74   0x00000014   Code   RO          595    i.USBD_LL_OpenEP    usbd_conf.o
    0x08002c88   0x0000000e   Code   RO          596    i.USBD_LL_PrepareReceive  usbd_conf.o
    0x08002c96   0x0000003e   Code   RO          349    i.USBD_LL_Reset     usbd_core.o
    0x08002cd4   0x0000000c   Code   RO          350    i.USBD_LL_Resume    usbd_core.o
    0x08002ce0   0x0000001a   Code   RO          351    i.USBD_LL_SOF       usbd_core.o
    0x08002cfa   0x00000006   Code   RO          352    i.USBD_LL_SetSpeed  usbd_core.o
    0x08002d00   0x0000000e   Code   RO          597    i.USBD_LL_SetUSBAddress  usbd_conf.o
    0x08002d0e   0x0000005e   Code   RO          353    i.USBD_LL_SetupStage  usbd_core.o
    0x08002d6c   0x0000000e   Code   RO          598    i.USBD_LL_StallEP   usbd_conf.o
    0x08002d7a   0x0000000e   Code   RO          599    i.USBD_LL_Start     usbd_conf.o
    0x08002d88   0x0000000e   Code   RO          600    i.USBD_LL_Stop      usbd_conf.o
    0x08002d96   0x00000012   Code   RO          354    i.USBD_LL_Suspend   usbd_core.o
    0x08002da8   0x0000000e   Code   RO          601    i.USBD_LL_Transmit  usbd_conf.o
    0x08002db6   0x00000028   Code   RO          185    i.USBD_ParseSetupRequest  usbd_ctlreq.o
    0x08002dde   0x00000010   Code   RO          355    i.USBD_RegisterClass  usbd_core.o
    0x08002dee   0x00000018   Code   RO          357    i.USBD_SetClassConfig  usbd_core.o
    0x08002e06   0x0000000a   Code   RO          358    i.USBD_Start        usbd_core.o
    0x08002e10   0x00000290   Code   RO          186    i.USBD_StdDevReq    usbd_ctlreq.o
    0x080030a0   0x000000ee   Code   RO          187    i.USBD_StdEPReq     usbd_ctlreq.o
    0x0800318e   0x00000040   Code   RO          188    i.USBD_StdItfReq    usbd_ctlreq.o
    0x080031ce   0x0000001a   Code   RO          359    i.USBD_Stop         usbd_core.o
    0x080031e8   0x00000090   Code   RO         2053    i.USB_ActivateEndpoint  stm32f4xx_ll_usb.o
    0x08003278   0x00000034   Code   RO         2054    i.USB_ActivateSetup  stm32f4xx_ll_usb.o
    0x080032ac   0x000000bc   Code   RO         2056    i.USB_CoreInit      stm32f4xx_ll_usb.o
    0x08003368   0x0000007c   Code   RO         2058    i.USB_DeactivateEndpoint  stm32f4xx_ll_usb.o
    0x080033e4   0x00000018   Code   RO         2059    i.USB_DevConnect    stm32f4xx_ll_usb.o
    0x080033fc   0x00000018   Code   RO         2060    i.USB_DevDisconnect  stm32f4xx_ll_usb.o
    0x08003414   0x00000174   Code   RO         2061    i.USB_DevInit       stm32f4xx_ll_usb.o
    0x08003588   0x0000000c   Code   RO         2062    i.USB_DisableGlobalInt  stm32f4xx_ll_usb.o
    0x08003594   0x00000158   Code   RO         2065    i.USB_EP0StartXfer  stm32f4xx_ll_usb.o
    0x080036ec   0x0000003e   Code   RO         2066    i.USB_EP0_OutStart  stm32f4xx_ll_usb.o
    0x0800372a   0x00000064   Code   RO         2067    i.USB_EPClearStall  stm32f4xx_ll_usb.o
    0x0800378e   0x00000064   Code   RO         2068    i.USB_EPSetStall    stm32f4xx_ll_usb.o
    0x080037f2   0x00000002   PAD
    0x080037f4   0x00000274   Code   RO         2069    i.USB_EPStartXfer   stm32f4xx_ll_usb.o
    0x08003a68   0x0000000c   Code   RO         2070    i.USB_EnableGlobalInt  stm32f4xx_ll_usb.o
    0x08003a74   0x00000028   Code   RO         2072    i.USB_FlushTxFifo   stm32f4xx_ll_usb.o
    0x08003a9c   0x0000003a   Code   RO         2074    i.USB_GetDevSpeed   stm32f4xx_ll_usb.o
    0x08003ad6   0x00000008   Code   RO         2076    i.USB_GetMode       stm32f4xx_ll_usb.o
    0x08003ade   0x0000000e   Code   RO         2083    i.USB_ReadDevAllInEpInterrupt  stm32f4xx_ll_usb.o
    0x08003aec   0x0000000e   Code   RO         2084    i.USB_ReadDevAllOutEpInterrupt  stm32f4xx_ll_usb.o
    0x08003afa   0x0000001e   Code   RO         2085    i.USB_ReadDevInEPInterrupt  stm32f4xx_ll_usb.o
    0x08003b18   0x00000010   Code   RO         2086    i.USB_ReadDevOutEPInterrupt  stm32f4xx_ll_usb.o
    0x08003b28   0x00000008   Code   RO         2087    i.USB_ReadInterrupts  stm32f4xx_ll_usb.o
    0x08003b30   0x0000003a   Code   RO         2088    i.USB_ReadPacket    stm32f4xx_ll_usb.o
    0x08003b6a   0x0000002e   Code   RO         2090    i.USB_SetCurrentMode  stm32f4xx_ll_usb.o
    0x08003b98   0x00000022   Code   RO         2091    i.USB_SetDevAddress  stm32f4xx_ll_usb.o
    0x08003bba   0x00000002   PAD
    0x08003bbc   0x000000c8   Code   RO         2093    i.USB_StopDevice    stm32f4xx_ll_usb.o
    0x08003c84   0x00000042   Code   RO         2095    i.USB_WritePacket   stm32f4xx_ll_usb.o
    0x08003cc6   0x0000000e   Code   RO         3579    i.__scatterload_copy  mc_w.l(handlers.o)
    0x08003cd4   0x00000002   Code   RO         3580    i.__scatterload_null  mc_w.l(handlers.o)
    0x08003cd6   0x0000000e   Code   RO         3581    i.__scatterload_zeroinit  mc_w.l(handlers.o)
    0x08003ce4   0x00000050   Code   RO         3527    i.free              mc_w.l(malloc.o)
    0x08003d34   0x000000f4   Code   RO          889    i.main              main.o
    0x08003e28   0x0000006c   Code   RO         3528    i.malloc            mc_w.l(malloc.o)
    0x08003e94   0x00000098   Data   RO          944    .constdata          nrf.o
    0x08003f2c   0x0000001c   Data   RO         1016    .constdata          dac.o
    0x08003f48   0x00000010   Data   RO         1928    .constdata          stm32f4xx_hal_rcc.o
    0x08003f58   0x00000020   Data   RO         3577    Region$$Table       anon$$obj.o


    Execution Region RW_IRAM1 (Base: 0x20000000, Size: 0x00015868, Max: 0x00020000, ABSOLUTE, COMPRESSED[0x00000104])

    Base Addr    Size         Type   Attr      Idx    E Section Name        Object

    0x20000000   0x00000001   Data   RW          189    .data               usbd_ctlreq.o
    0x20000001   0x00000003   PAD
    0x20000004   0x00000038   Data   RW          249    .data               usbd_audio.o
    0x2000003c   0x0000006e   Data   RW          250    .data               usbd_audio.o
    0x200000aa   0x00000002   PAD
    0x200000ac   0x0000001c   Data   RW          518    .data               usbd_desc.o
    0x200000c8   0x00000016   Data   RW          519    .data               usbd_desc.o
    0x200000de   0x00000002   PAD
    0x200000e0   0x0000001c   Data   RW          828    .data               usbd_audio_if.o
    0x200000fc   0x00000004   Data   RW          829    .data               usbd_audio_if.o
    0x20000100   0x00000001   Data   RW          890    .data               main.o
    0x20000101   0x00000028   Data   RW          945    .data               nrf.o
    0x20000129   0x00000003   PAD
    0x2000012c   0x00000024   Data   RW         1017    .data               dac.o
    0x20000150   0x0000000e   Data   RW         1063    .data               electrophydata.o
    0x2000015e   0x00000002   PAD
    0x20000160   0x00000004   Data   RW         1587    .data               stm32f4xx_hal.o
    0x20000164   0x00000014   Data   RW         3494    .data               system_stm32f4xx.o
    0x20000178   0x00000004   Data   RW         3573    .data               mc_w.l(mvars.o)
    0x2000017c   0x00000004   Data   RW         3574    .data               mc_w.l(mvars.o)
    0x20000180   0x00000160   Zero   RW          248    .bss                usbd_audio.o
    0x200002e0   0x00000200   Zero   RW          517    .bss                usbd_desc.o
    0x200004e0   0x000003b0   Zero   RW          602    .bss                usbd_conf.o
    0x20000890   0x00000224   Zero   RW          781    .bss                usb_device.o
    0x20000ab4   0x00000021   Zero   RW          939    .bss                nrf.o
    0x20000ad5   0x00000001   PAD
    0x20000ad6   0x00000042   Zero   RW          940    .bss                nrf.o
    0x20000b18   0x00000021   Zero   RW          941    .bss                nrf.o
    0x20000b39   0x00000001   PAD
    0x20000b3a   0x00000042   Zero   RW          942    .bss                nrf.o
    0x20000b7c   0x000000f4   Zero   RW          943    .bss                nrf.o
    0x20000c70   0x000000a0   Zero   RW         1015    .bss                dac.o
    0x20000d10   0x0000fb56   Zero   RW         1062    .bss                electrophydata.o
    0x20010866   0x00000002   PAD
    0x20010868   0x00004000   Zero   RW            2    HEAP                startup_stm32f407xx.o
    0x20014868   0x00001000   Zero   RW            1    STACK               startup_stm32f407xx.o


==============================================================================

Image component sizes


      Code (inc. data)   RO Data    RW Data    ZI Data      Debug   Object Name

       712         50         28         36        160       4411   dac.o
       648         86          0         14      64342       5559   electrophydata.o
       244         18          0          1          0       3700   main.o
      1552        142        152         40        442       8292   nrf.o
        36          8        392          0      20480       1016   startup_stm32f407xx.o
       136         16          0          4          0       4478   stm32f4xx_hal.o
       238         16          0          0          0      31669   stm32f4xx_hal_cortex.o
       140          6          0          0          0       1363   stm32f4xx_hal_dma.o
       816         30          0          0          0       3350   stm32f4xx_hal_gpio.o
        22          0          0          0          0        562   stm32f4xx_hal_msp.o
      2098          0          0          0          0      10292   stm32f4xx_hal_pcd.o
        86          0          0          0          0       1876   stm32f4xx_hal_pcd_ex.o
      1668         76         16          0          0       4607   stm32f4xx_hal_rcc.o
       134          0          0          0          0       2206   stm32f4xx_hal_spi.o
       244         20          0          0          0       4028   stm32f4xx_hal_tim.o
        38         12          0          0          0       1607   stm32f4xx_it.o
      2778         30          0          0          0      20523   stm32f4xx_ll_usb.o
        88         24          0         20          0       1521   system_stm32f4xx.o
        68         22          0          0        548       4000   usb_device.o
       752         28          0        166        352      14201   usbd_audio.o
        46         10          0         32          0       4385   usbd_audio_if.o
       554         22          0          0        944      14225   usbd_conf.o
       648          0          0          0          0      12950   usbd_core.o
      1124         30          0          1          0       6448   usbd_ctlreq.o
       212        116          0         50        512       5423   usbd_desc.o
       132          0          0          0          0     339148   usbd_ioreq.o

    ----------------------------------------------------------------------
     15232        762        620        376      87784     511840   Object Totals
         0          0         32          0          0          0   (incl. Generated)
        18          0          0         12          4          0   (incl. Padding)

    ----------------------------------------------------------------------

      Code (inc. data)   RO Data    RW Data    ZI Data      Debug   Library Member Name

        86          0          0          0          0          0   __dczerorl2.o
         0          0          0          0          0          0   entry.o
         0          0          0          0          0          0   entry10a.o
         0          0          0          0          0          0   entry11a.o
         8          4          0          0          0          0   entry2.o
         4          0          0          0          0          0   entry5.o
         0          0          0          0          0          0   entry7b.o
         0          0          0          0          0          0   entry8b.o
         8          4          0          0          0          0   entry9a.o
        30          0          0          0          0          0   handlers.o
        36          8          0          0          0         68   init.o
       188         20          0          0          0        160   malloc.o
        36          0          0          0          0        108   memseta.o
         0          0          0          8          0          0   mvars.o

    ----------------------------------------------------------------------
       396         36          0          8          0        336   Library Totals
         0          0          0          0          0          0   (incl. Padding)

    ----------------------------------------------------------------------

      Code (inc. data)   RO Data    RW Data    ZI Data      Debug   Library Name

       396         36          0          8          0        336   mc_w.l

    ----------------------------------------------------------------------
       396         36          0          8          0        336   Library Totals

    ----------------------------------------------------------------------

==============================================================================


      Code (inc. data)   RO Data    RW Data    ZI Data      Debug   

     15628        798        620        384      87784     495956   Grand Totals
     15628        798        620        260      87784     495956   ELF Image Totals (compressed)
     15628        798        620        260          0          0   ROM Totals

==============================================================================

    Total RO  Size (Code + RO Data)                16248 (  15.87kB)
    Total RW  Size (RW Data + ZI Data)             88168 (  86.10kB)
    Total ROM Size (Code + RO Data + RW Data)      16508 (  16.12kB)

==============================================================================

