<html>
<body>
<pre>
<h1>µVision Build Log</h1>
<h2>Project:</h2>
C:\Users\max\Documents\GitHub\Electrophysiology\Electrophy_Base_System\Base_System\Projects\MDK-ARM\embedded_base.uvproj
Project File Date:  04/28/2015

<h2>Output:</h2>
Build target 'embedded_base Configuration'
linking...
Program Size: Code=21556 RO-data=636 RW-data=412 ZI-data=88052  
".\embedded_base Configuration\embedded_base Configuration.axf" - 0 Error(s), 0 Warning(s).
Load "C:\\Users\\max\\Documents\\GitHub\\Electrophysiology\\Electrophy_Base_System\\Base_System\\Projects\\MDK-ARM\\embedded_base Configuration\\embedded_base Configuration.axf" 
Erase Done.
Programming Done.
Verify OK.
Load "C:\\Users\\max\\Documents\\GitHub\\Electrophysiology\\Electrophy_Base_System\\Base_System\\Projects\\MDK-ARM\\embedded_base Configuration\\embedded_base Configuration.axf" 
Erase Done.
Programming Done.
Verify OK.
</pre>
</body>
</html>
